single_slab,-0.59999999999999998,-1,17,8192,0.26078416298176654,0.25811034712026926,0.0034386831459410788
single_slab,-0.59999999999999998,-1,42,8192,0.26078416298176654,0.26164197911505466,0.0034482819050864399
single_slab,-0.59999999999999998,-1,99991,8192,0.26078416298176654,0.25911592290312474,0.0034434585397522693
single_slab,-0.59999999999999998,-1,4294967313,8192,0.26078416298176654,0.25835915565844569,0.0034390110515881765
single_slab,-0.59999999999999998,1,17,8192,0.010315580747439157,0.010280727635880718,9.7868064655548255e-05
single_slab,-0.59999999999999998,1,42,8192,0.010315580747439157,0.01022301933083296,9.7183152559894155e-05
single_slab,-0.59999999999999998,1,99991,8192,0.010315580747439157,0.010220186780287297,9.7984111321803368e-05
single_slab,-0.59999999999999998,1,4294967313,8192,0.010315580747439157,0.010287899259419546,9.6997668927216129e-05
single_slab,0,-1,17,8192,0.032144357313759149,0.031850768598742446,0.00035280927957534545
single_slab,0,-1,42,8192,0.032144357313759149,0.032095167149783353,0.00035473724257890986
single_slab,0,-1,99991,8192,0.032144357313759149,0.031877168462184122,0.00035518885107484785
single_slab,0,-1,4294967313,8192,0.032144357313759149,0.031959694862716159,0.00035282698389493161
single_slab,0,1,17,8192,0.029624070690115661,0.029558253549323191,0.00034739671499305769
single_slab,0,1,42,8192,0.029624070690115661,0.029841508287642423,0.00034741322471555246
single_slab,0,1,99991,8192,0.029624070690115661,0.029615738362587466,0.00034810490891619379
single_slab,0,1,4294967313,8192,0.029624070690115661,0.029099879479033822,0.00034417293222643196
single_slab,0.59999999999999998,-1,17,8192,0.010709375532383452,0.01063893311235245,9.7938564115507829e-05
single_slab,0.59999999999999998,-1,42,8192,0.010709375532383452,0.010575153528042414,9.8526296153440826e-05
single_slab,0.59999999999999998,-1,99991,8192,0.010709375532383452,0.010573535233349222,9.9085127951240956e-05
single_slab,0.59999999999999998,-1,4294967313,8192,0.010709375532383452,0.010734745413119856,9.8004363465058891e-05
single_slab,0.59999999999999998,1,17,8192,0.23558129674533168,0.23518519662607357,0.0033751754474885555
single_slab,0.59999999999999998,1,42,8192,0.23558129674533168,0.23910539049364204,0.0033867583685244272
single_slab,0.59999999999999998,1,99991,8192,0.23558129674533168,0.23650162190715579,0.0033799830239174197
single_slab,0.59999999999999998,1,4294967313,8192,0.23558129674533168,0.22976100182161871,0.0033551588690258283
multi_slab,17,512,0.09379439947419399,0.014130316763645533,0.0052534060312329923
multi_slab,17,4096,0.09626487837341223,0.013305605571296708,0.0018023426034413823
multi_slab,42,512,0.1049149378122477,0.014617128397074797,0.0053431338089679837
multi_slab,42,4096,0.097349164512914657,0.013536839029946447,0.0018179362863685624
multi_slab,99991,512,0.096300344135271304,0.011822847208703753,0.004805361428082129
multi_slab,99991,4096,0.096929424091976815,0.012830407539380945,0.0017698654512897799
multi_slab,4294967313,512,0.085570111198596407,0.011501768334971539,0.0047396615152604819
multi_slab,4294967313,4096,0.095009891278217726,0.012762307491886766,0.0017651622382974935
roulette_weighting,17,16384,0.06836987452943051,0.067706894420136596,0.00090617824912613606,6325
roulette_weighting,42,16384,0.067573639597849774,0.068802849626396975,0.00090558472435946951,6359
roulette_weighting,99991,16384,0.068606002032234839,0.067835992159883104,0.00090491997271257305,6329
roulette_weighting,4294967313,16384,0.067453199440412753,0.068289100859947063,0.00090396955178009917,6399
Reference contracts passed: multi-seed analytic single scatter, empty/absorption/unit albedo/internal camera, unclipped secondary transport, progressive reproducibility, typed safety/numerical limits, multiple-seed variance and roulette weighting
