backend=direct3d12 SDL=3002028 requested_debug=true format=R32_FLOAT dimensions=17x19x23
GPU optical_contract case=0 T=1 L=6 T_abs_error=0 L_abs_error=0 L_absolute_tolerance=2e-05 relative_tolerance=2e-5
GPU optical_contract case=1 T=1 L=5e-09 T_abs_error=9.60465e-09 L_abs_error=9.46126e-17 L_absolute_tolerance=1e-14 relative_tolerance=2e-5
GPU optical_contract case=2 T=0.496585 L=0.672666 T_abs_error=5.71405e-09 L_abs_error=2.64492e-08 L_absolute_tolerance=2e-05 relative_tolerance=2e-5
GPU optical_contract case=3 T=0.496585 L=0.487224 T_abs_error=5.71405e-09 L_abs_error=1.18421e-10 L_absolute_tolerance=2e-05 relative_tolerance=2e-5
GPU optical_contract case=4 T=0.367879 L=1.26424 T_abs_error=9.14976e-09 L_abs_error=1.82995e-08 L_absolute_tolerance=2e-05 relative_tolerance=2e-5
GPU optical_contract case=5 T=0.367879 L=1.51709 T_abs_error=5.86897e-07 L_abs_error=1.33703e-06 L_absolute_tolerance=2e-05 relative_tolerance=2e-5
GPU optical_convergence steps=16 T_abs_error=0.000294456
GPU optical_convergence steps=32 T_abs_error=7.37696e-05
GPU optical_convergence steps=64 T_abs_error=1.89631e-05
GPU HG samples=104 cosine_max_error=1.57724e-05 pdf_max_relative_error=0.000123273 RNG_exact=true
GPU ray/box six cases max_abs_error=4.76837e-07
GPU homogeneous optics max_abs_error=9.99995e-06 tolerance=0.001
bake=1 extent=65x67x69 texture_bytes=1201980 peak_requested_gpu_bytes=3568956 cpu_reference_bytes=1201980 record_cpu_ms=0.5491 submit_to_fence_wall_ms=601.905 gpu_timestamp_ms=unavailable
density_reference max_abs_error=4.52995e-06 tolerance=2e-05 detailed=0 profile_scale_error_bound=0 profile_density_tolerance=0 anvil_coverage_error_bound=0 anvil_density_tolerance=0
fixture=2 extent=65x67x69 row_bytes=512 max_abs_error=4.52995e-06 interpolation_error=0 PASS
density_mode=grouped_direct groups=2 top_lobes=0 density_cache=false sun_cache=false majorant_skip=false reason=independent_group_hard_constraints
edit_to_present_submission revision=2 ms=139.519 samples=1 p50_ms=139.519 p95_ms=139.519
density_publish producer_revision=2 consumer_revision=2 matching_density_hash=8961813248576032546 peak_requested_gpu_bytes=73823548
density_job_revision=2 input_hash=29354223273508837 publish=1 coalesced=0 discarded=0 pending=0 running=0 generation_cpu_elapsed_excluding_fences_ms=4.6129 generation_submit_and_fence_wall_ms=34.7465
capture=input.bmp frame=60
HDR verified 160x138 view_steps=64 shadow_steps=8 max_channel=1 min_T=0.078059 CPU_T_max_error=3.04789e-06
density_mode=grouped_direct groups=2 top_lobes=0 density_cache=false sun_cache=false majorant_skip=false reason=independent_group_hard_constraints
edit_to_present_submission revision=3 ms=9.6582 samples=2 p50_ms=9.6582 p95_ms=139.519
density_mode=grouped_direct groups=2 top_lobes=0 density_cache=false sun_cache=false majorant_skip=false reason=independent_group_hard_constraints
edit_to_present_submission revision=4 ms=33.8297 samples=3 p50_ms=33.8297 p95_ms=139.519
density_job_revision=3 input_hash=6249090650531501970 publish=0 coalesced=0 discarded=1 pending=1 running=0 generation_cpu_elapsed_excluding_fences_ms=3.3247 generation_submit_and_fence_wall_ms=44.3598
density_mode=grouped_direct groups=2 top_lobes=0 density_cache=false sun_cache=false majorant_skip=false reason=independent_group_hard_constraints
density_job_revision=4 input_hash=16167375788083977345 publish=1 coalesced=0 discarded=1 pending=0 running=0 generation_cpu_elapsed_excluding_fences_ms=2.901 generation_submit_and_fence_wall_ms=54.4647
edit_to_present_submission revision=5 ms=40.2454 samples=4 p50_ms=33.8297 p95_ms=139.519
density_mode=grouped_direct groups=2 top_lobes=0 density_cache=false sun_cache=false majorant_skip=false reason=independent_group_hard_constraints
density_job_revision=5 input_hash=18090024822151862185 publish=1 coalesced=0 discarded=1 pending=0 running=0 generation_cpu_elapsed_excluding_fences_ms=3.206 generation_submit_and_fence_wall_ms=56.2285
edit_to_present_submission revision=6 ms=39.298 samples=5 p50_ms=39.298 p95_ms=139.519
density_mode=grouped_direct groups=2 top_lobes=0 density_cache=false sun_cache=false majorant_skip=false reason=independent_group_hard_constraints
density_job_revision=6 input_hash=218322306262428313 publish=1 coalesced=0 discarded=1 pending=0 running=0 generation_cpu_elapsed_excluding_fences_ms=3.4906 generation_submit_and_fence_wall_ms=54.3455
edit_to_present_submission revision=7 ms=40.2582 samples=6 p50_ms=39.298 p95_ms=139.519
density_mode=grouped_direct groups=2 top_lobes=0 density_cache=false sun_cache=false majorant_skip=false reason=independent_group_hard_constraints
density_job_revision=7 input_hash=1006030716623501651 publish=1 coalesced=0 discarded=1 pending=0 running=0 generation_cpu_elapsed_excluding_fences_ms=3.1758 generation_submit_and_fence_wall_ms=53.9626
edit_to_present_submission revision=8 ms=39.3926 samples=7 p50_ms=39.3926 p95_ms=139.519
density_mode=grouped_direct groups=2 top_lobes=0 density_cache=false sun_cache=false majorant_skip=false reason=independent_group_hard_constraints
density_job_revision=8 input_hash=12707334187066821353 publish=1 coalesced=0 discarded=1 pending=0 running=0 generation_cpu_elapsed_excluding_fences_ms=3.202 generation_submit_and_fence_wall_ms=54.832
edit_to_present_submission revision=9 ms=36.6648 samples=8 p50_ms=39.298 p95_ms=139.519
density_mode=grouped_direct groups=2 top_lobes=0 density_cache=false sun_cache=false majorant_skip=false reason=independent_group_hard_constraints
density_job_revision=9 input_hash=7716023805240351074 publish=1 coalesced=0 discarded=1 pending=0 running=0 generation_cpu_elapsed_excluding_fences_ms=3.3292 generation_submit_and_fence_wall_ms=50.3223
edit_to_present_submission revision=10 ms=35.485 samples=9 p50_ms=39.298 p95_ms=139.519
density_mode=grouped_direct groups=2 top_lobes=0 density_cache=false sun_cache=false majorant_skip=false reason=independent_group_hard_constraints
density_job_revision=10 input_hash=12780539249394532976 publish=1 coalesced=0 discarded=1 pending=0 running=0 generation_cpu_elapsed_excluding_fences_ms=3.2337 generation_submit_and_fence_wall_ms=50.5329
edit_to_present_submission revision=11 ms=34.2273 samples=10 p50_ms=36.6648 p95_ms=139.519
density_mode=grouped_direct groups=2 top_lobes=0 density_cache=false sun_cache=false majorant_skip=false reason=independent_group_hard_constraints
density_job_revision=11 input_hash=5883555473020426528 publish=1 coalesced=0 discarded=1 pending=0 running=0 generation_cpu_elapsed_excluding_fences_ms=2.8414 generation_submit_and_fence_wall_ms=49.3044
edit_to_present_submission revision=12 ms=34.3678 samples=11 p50_ms=36.6648 p95_ms=139.519
density_mode=grouped_direct groups=2 top_lobes=0 density_cache=false sun_cache=false majorant_skip=false reason=independent_group_hard_constraints
density_job_revision=12 input_hash=12853456705743911476 publish=1 coalesced=0 discarded=1 pending=0 running=0 generation_cpu_elapsed_excluding_fences_ms=3.1829 generation_submit_and_fence_wall_ms=49.2905
edit_to_present_submission revision=13 ms=34.6907 samples=12 p50_ms=35.485 p95_ms=139.519
density_mode=grouped_direct groups=2 top_lobes=0 density_cache=false sun_cache=false majorant_skip=false reason=independent_group_hard_constraints
density_job_revision=13 input_hash=11032704922682707109 publish=1 coalesced=0 discarded=1 pending=0 running=0 generation_cpu_elapsed_excluding_fences_ms=2.8195 generation_submit_and_fence_wall_ms=51.05
edit_to_present_submission revision=14 ms=36.2187 samples=13 p50_ms=36.2187 p95_ms=139.519
density_publish producer_revision=14 consumer_revision=14 matching_density_hash=12616983319099309261 peak_requested_gpu_bytes=76361404
density_job_revision=14 input_hash=6681467282945556442 publish=1 coalesced=0 discarded=1 pending=0 running=0 generation_cpu_elapsed_excluding_fences_ms=4.961 generation_submit_and_fence_wall_ms=49.1401
anvil_width_gizmo_inspector_single_undo=true PASS
density_reference max_abs_error=1.00434e-05 tolerance=0.000454232 detailed=1 profile_scale_error_bound=0 profile_density_tolerance=0 anvil_coverage_error_bound=0.00036779 anvil_density_tolerance=0.000294232
fixture=2 extent=65x67x69 row_bytes=512 max_abs_error=1.00434e-05 interpolation_error=0 PASS
grouped_direct_points samples=256 max_abs=5.85016e-07 mean_abs=8.92088e-09 tolerance=0.000454232 coordinates=GPU_evaluated combined_cache=false
HDR verified 160x138 view_steps=64 shadow_steps=8 max_channel=1 min_T=0.0513601 CPU_T_max_error=3.42401e-06
density_mode=grouped_direct groups=2 top_lobes=0 density_cache=false sun_cache=false majorant_skip=false reason=independent_group_hard_constraints
edit_to_present_submission revision=16 ms=2436.62 samples=14 p50_ms=36.2187 p95_ms=2436.62
density_mode=grouped_direct groups=2 top_lobes=0 density_cache=false sun_cache=false majorant_skip=false reason=independent_group_hard_constraints
edit_to_present_submission revision=17 ms=10.6546 samples=15 p50_ms=36.2187 p95_ms=2436.62
density_mode=grouped_direct groups=2 top_lobes=0 density_cache=false sun_cache=false majorant_skip=false reason=independent_group_hard_constraints
density_job_revision=17 input_hash=11761391082577729021 publish=1 coalesced=0 discarded=1 pending=0 running=0 generation_cpu_elapsed_excluding_fences_ms=3.3882 generation_submit_and_fence_wall_ms=48.3684
edit_to_present_submission revision=18 ms=33.7981 samples=16 p50_ms=35.485 p95_ms=2436.62
density_mode=grouped_direct groups=2 top_lobes=0 density_cache=false sun_cache=false majorant_skip=false reason=independent_group_hard_constraints
density_job_revision=18 input_hash=2258831948776462330 publish=1 coalesced=0 discarded=1 pending=0 running=0 generation_cpu_elapsed_excluding_fences_ms=2.87 generation_submit_and_fence_wall_ms=50.4363
edit_to_present_submission revision=19 ms=34.0775 samples=17 p50_ms=35.485 p95_ms=2436.62
density_mode=grouped_direct groups=2 top_lobes=0 density_cache=false sun_cache=false majorant_skip=false reason=independent_group_hard_constraints
density_job_revision=19 input_hash=8087415538807746272 publish=1 coalesced=0 discarded=1 pending=0 running=0 generation_cpu_elapsed_excluding_fences_ms=3.0424 generation_submit_and_fence_wall_ms=48.9592
edit_to_present_submission revision=20 ms=32.7888 samples=18 p50_ms=34.6907 p95_ms=2436.62
density_mode=grouped_direct groups=2 top_lobes=0 density_cache=false sun_cache=false majorant_skip=false reason=independent_group_hard_constraints
density_job_revision=20 input_hash=16241806229263402595 publish=1 coalesced=0 discarded=1 pending=0 running=0 generation_cpu_elapsed_excluding_fences_ms=2.9011 generation_submit_and_fence_wall_ms=48.9616
edit_to_present_submission revision=21 ms=32.5275 samples=19 p50_ms=34.6907 p95_ms=2436.62
density_mode=grouped_direct groups=2 top_lobes=0 density_cache=false sun_cache=false majorant_skip=false reason=independent_group_hard_constraints
density_job_revision=21 input_hash=13554416638229102054 publish=1 coalesced=0 discarded=1 pending=0 running=0 generation_cpu_elapsed_excluding_fences_ms=2.8389 generation_submit_and_fence_wall_ms=48.0503
edit_to_present_submission revision=22 ms=31.552 samples=20 p50_ms=34.3678 p95_ms=139.519
density_mode=grouped_direct groups=2 top_lobes=0 density_cache=false sun_cache=false majorant_skip=false reason=independent_group_hard_constraints
density_job_revision=22 input_hash=13240426257793220955 publish=1 coalesced=0 discarded=1 pending=0 running=0 generation_cpu_elapsed_excluding_fences_ms=2.931 generation_submit_and_fence_wall_ms=48.2731
edit_to_present_submission revision=23 ms=30.7844 samples=21 p50_ms=34.3678 p95_ms=139.519
density_mode=grouped_direct groups=2 top_lobes=0 density_cache=false sun_cache=false majorant_skip=false reason=independent_group_hard_constraints
density_job_revision=24 input_hash=7577300893983276470 publish=1 coalesced=0 discarded=1 pending=0 running=0 generation_cpu_elapsed_excluding_fences_ms=2.8319 generation_submit_and_fence_wall_ms=21.2984
edit_to_present_submission revision=24 ms=33.5416 samples=22 p50_ms=34.2273 p95_ms=139.519
density_mode=grouped_direct groups=2 top_lobes=0 density_cache=false sun_cache=false majorant_skip=false reason=independent_group_hard_constraints
edit_to_present_submission revision=25 ms=31.1408 samples=23 p50_ms=34.2273 p95_ms=139.519
density_mode=grouped_direct groups=2 top_lobes=0 density_cache=false sun_cache=false majorant_skip=false reason=independent_group_hard_constraints
density_job_revision=25 input_hash=5245406357546167854 publish=1 coalesced=0 discarded=1 pending=0 running=0 generation_cpu_elapsed_excluding_fences_ms=2.9475 generation_submit_and_fence_wall_ms=46.6425
edit_to_present_submission revision=26 ms=31.0435 samples=24 p50_ms=34.0775 p95_ms=139.519
density_mode=grouped_direct groups=2 top_lobes=0 density_cache=false sun_cache=false majorant_skip=false reason=independent_group_hard_constraints
density_job_revision=26 input_hash=17741461644555600210 publish=1 coalesced=0 discarded=1 pending=0 running=0 generation_cpu_elapsed_excluding_fences_ms=2.8962 generation_submit_and_fence_wall_ms=45.0542
edit_to_present_submission revision=27 ms=30.722 samples=25 p50_ms=34.0775 p95_ms=139.519
density_mode=grouped_direct groups=2 top_lobes=0 density_cache=false sun_cache=false majorant_skip=false reason=independent_group_hard_constraints
density_job_revision=27 input_hash=15283394589874073067 publish=1 coalesced=0 discarded=1 pending=0 running=0 generation_cpu_elapsed_excluding_fences_ms=2.8742 generation_submit_and_fence_wall_ms=47.7374
edit_to_present_submission revision=28 ms=28.9853 samples=26 p50_ms=33.8297 p95_ms=139.519
density_mode=grouped_direct groups=2 top_lobes=0 density_cache=false sun_cache=false majorant_skip=false reason=independent_group_hard_constraints
density_job_revision=28 input_hash=9430221911096056708 publish=1 coalesced=0 discarded=1 pending=0 running=0 generation_cpu_elapsed_excluding_fences_ms=3.0854 generation_submit_and_fence_wall_ms=43.9899
edit_to_present_submission revision=29 ms=29.4315 samples=27 p50_ms=33.8297 p95_ms=139.519
density_mode=grouped_direct groups=2 top_lobes=0 density_cache=false sun_cache=false majorant_skip=false reason=independent_group_hard_constraints
density_job_revision=29 input_hash=14307281792626901267 publish=1 coalesced=0 discarded=1 pending=0 running=0 generation_cpu_elapsed_excluding_fences_ms=3.3984 generation_submit_and_fence_wall_ms=43.3886
edit_to_present_submission revision=30 ms=28.6962 samples=28 p50_ms=33.7981 p95_ms=139.519
density_mode=grouped_direct groups=2 top_lobes=0 density_cache=false sun_cache=false majorant_skip=false reason=independent_group_hard_constraints
density_job_revision=30 input_hash=14752928594845102123 publish=1 coalesced=0 discarded=1 pending=0 running=0 generation_cpu_elapsed_excluding_fences_ms=3.0049 generation_submit_and_fence_wall_ms=43.3582
edit_to_present_submission revision=31 ms=30.9411 samples=29 p50_ms=33.7981 p95_ms=139.519
density_publish producer_revision=31 consumer_revision=31 matching_density_hash=9673954950497032978 peak_requested_gpu_bytes=76361404
density_job_revision=31 input_hash=17414242649806667989 publish=1 coalesced=0 discarded=1 pending=0 running=0 generation_cpu_elapsed_excluding_fences_ms=3.1956 generation_submit_and_fence_wall_ms=20.0738
anvil_direction_gizmo_inspector_single_undo=true PASS
density_reference max_abs_error=8.64267e-06 tolerance=0.000456018 detailed=1 profile_scale_error_bound=0 profile_density_tolerance=0 anvil_coverage_error_bound=0.000370023 anvil_density_tolerance=0.000296018
fixture=2 extent=65x67x69 row_bytes=512 max_abs_error=8.64267e-06 interpolation_error=0 PASS
grouped_direct_points samples=256 max_abs=1.04642e-06 mean_abs=1.07513e-08 tolerance=0.000456018 coordinates=GPU_evaluated combined_cache=false
HDR verified 160x138 view_steps=64 shadow_steps=8 max_channel=1 min_T=0.0537919 CPU_T_max_error=3.19425e-06
density_mode=grouped_direct groups=2 top_lobes=0 density_cache=false sun_cache=false majorant_skip=false reason=independent_group_hard_constraints
edit_to_present_submission revision=33 ms=287.127 samples=30 p50_ms=33.7981 p95_ms=287.127
anvil_source_save_reload=true PASS
density_validation_reused bake=4
grouped_direct_points samples=256 max_abs=1.04642e-06 mean_abs=1.07513e-08 tolerance=0.000456018 coordinates=GPU_evaluated combined_cache=false
HDR verified 160x138 view_steps=64 shadow_steps=8 max_channel=1 min_T=0.0537919 CPU_T_max_error=3.19425e-06
shutdown=clean lifecycle_test=0
