2026-09-19T05:51:36.3233344Z Current runner version: '2.337.0'
2026-09-19T05:51:36.3253279Z ##[group]Runner Image Provisioner
2026-09-19T05:51:36.3254052Z Hosted Compute Agent
2026-09-19T05:51:36.3254536Z Version: 20260828.587
2026-09-19T05:51:36.3255085Z Commit: abac92662cab4cc7352de4f9f9d2e2419aad9c29
2026-09-19T05:51:36.3255702Z Build Date: 2026-08-28T16:44:25Z
2026-09-19T05:51:36.3256291Z Worker ID: {723149f1-75fa-4464-a2b3-d8965825540c}
2026-09-19T05:51:36.3256918Z Azure Region: westus3
2026-09-19T05:51:36.3257783Z ##[endgroup]
2026-09-19T05:51:36.3258951Z ##[group]Operating System
2026-09-19T05:51:36.3259505Z Ubuntu
2026-09-19T05:51:36.3259936Z 24.04.5
2026-09-19T05:51:36.3260416Z LTS
2026-09-19T05:51:36.3260841Z ##[endgroup]
2026-09-19T05:51:36.3261293Z ##[group]Runner Image
2026-09-19T05:51:36.3261840Z Image: ubuntu-24.04
2026-09-19T05:51:36.3262334Z Version: 20260907.300.1
2026-09-19T05:51:36.3263421Z Included Software: https://github.com/actions/runner-images/blob/ubuntu24/20260907.300/images/ubuntu/Ubuntu2404-Readme.md
2026-09-19T05:51:36.3264640Z Image Release: https://github.com/actions/runner-images/releases/tag/ubuntu24%2F20260907.300
2026-09-19T05:51:36.3265526Z ##[endgroup]
2026-09-19T05:51:36.3266428Z ##[group]GITHUB_TOKEN Permissions
2026-09-19T05:51:36.3268443Z Contents: read
2026-09-19T05:51:36.3268978Z Metadata: read
2026-09-19T05:51:36.3269507Z ##[endgroup]
2026-09-19T05:51:36.3271175Z Secret source: Actions
2026-09-19T05:51:36.3271964Z Cache mode: write
2026-09-19T05:51:36.3272535Z Prepare workflow directory
2026-09-19T05:51:36.3559070Z Prepare all required actions
2026-09-19T05:51:36.3606491Z Getting action download info
2026-09-19T05:51:36.6339505Z Download action repository 'actions/checkout@v4' (SHA:11d5960a326750d5838078e36cf38b85af677262)
2026-09-19T05:51:36.8811862Z Download action repository 'actions/upload-artifact@v4' (SHA:ea165f8d65b6e75b540449e92b4886f43607fa02)
2026-09-19T05:51:37.1278449Z Complete job name: reference
2026-09-19T05:51:37.1905859Z Node 20 is being deprecated. This workflow is running with Node 24 by default. If you need to temporarily use Node 20, you can set the ACTIONS_ALLOW_USE_UNSECURE_NODE_VERSION=true environment variable. For more information see: https://github.blog/changelog/2025-09-19-deprecation-of-node-20-on-github-actions-runners/
2026-09-19T05:51:37.1913156Z ##[group]Run actions/checkout@v4
2026-09-19T05:51:37.1913824Z with:
2026-09-19T05:51:37.1914218Z   repository: MasafumiYamaguchi/Testbed
2026-09-19T05:51:37.1917702Z   token: ***
2026-09-19T05:51:37.1918095Z   ssh-strict: true
2026-09-19T05:51:37.1918489Z   ssh-user: git
2026-09-19T05:51:37.1918874Z   persist-credentials: true
2026-09-19T05:51:37.1919290Z   clean: true
2026-09-19T05:51:37.1919677Z   sparse-checkout-cone-mode: true
2026-09-19T05:51:37.1920125Z   fetch-depth: 1
2026-09-19T05:51:37.1920507Z   fetch-tags: false
2026-09-19T05:51:37.1920896Z   show-progress: true
2026-09-19T05:51:37.1921290Z   lfs: false
2026-09-19T05:51:37.1921695Z   submodules: false
2026-09-19T05:51:37.1922091Z   set-safe-directory: true
2026-09-19T05:51:37.1922533Z   allow-unsafe-pr-checkout: false
2026-09-19T05:51:37.1923148Z ##[endgroup]
2026-09-19T05:51:37.2742602Z Syncing repository: MasafumiYamaguchi/Testbed
2026-09-19T05:51:37.2744716Z ##[group]Getting Git version info
2026-09-19T05:51:37.2745634Z Working directory is '/home/runner/work/Testbed/Testbed'
2026-09-19T05:51:37.2746940Z [command]/usr/bin/git version
2026-09-19T05:51:37.2789550Z git version 2.55.0
2026-09-19T05:51:37.2805220Z ##[endgroup]
2026-09-19T05:51:37.2816705Z Temporarily overriding HOME='/home/runner/work/_temp/969e7349-8ca7-4d07-b5e1-f2271bc0a3be' before making global git config changes
2026-09-19T05:51:37.2819206Z Adding repository directory to the temporary git global config as a safe directory
2026-09-19T05:51:37.2820971Z [command]/usr/bin/git config --global --add safe.directory /home/runner/work/Testbed/Testbed
2026-09-19T05:51:37.2860005Z Deleting the contents of '/home/runner/work/Testbed/Testbed'
2026-09-19T05:51:37.2866350Z ##[group]Initializing the repository
2026-09-19T05:51:37.2872382Z [command]/usr/bin/git init /home/runner/work/Testbed/Testbed
2026-09-19T05:51:37.2966009Z hint: Using 'master' as the name for the initial branch. This default branch name
2026-09-19T05:51:37.2975979Z hint: will change to "main" in Git 3.0. To configure the initial branch name
2026-09-19T05:51:37.2977771Z hint: to use in all of your new repositories, which will suppress this warning,
2026-09-19T05:51:37.2980023Z hint: call:
2026-09-19T05:51:37.2980609Z hint:
2026-09-19T05:51:37.2981336Z hint: 	git config --global init.defaultBranch <name>
2026-09-19T05:51:37.2982202Z hint:
2026-09-19T05:51:37.2983130Z hint: Names commonly chosen instead of 'master' are 'main', 'trunk' and
2026-09-19T05:51:37.2984867Z hint: 'development'. The just-created branch can be renamed via this command:
2026-09-19T05:51:37.2986012Z hint:
2026-09-19T05:51:37.2986741Z hint: 	git branch -m <name>
2026-09-19T05:51:37.2987639Z hint:
2026-09-19T05:51:37.2988597Z hint: Disable this message with "git config set advice.defaultBranchName false"
2026-09-19T05:51:37.2990084Z Initialized empty Git repository in /home/runner/work/Testbed/Testbed/.git/
2026-09-19T05:51:37.2992554Z [command]/usr/bin/git remote add origin https://github.com/MasafumiYamaguchi/Testbed
2026-09-19T05:51:37.3045564Z ##[endgroup]
2026-09-19T05:51:37.3046629Z ##[group]Disabling automatic garbage collection
2026-09-19T05:51:37.3049524Z [command]/usr/bin/git config --local gc.auto 0
2026-09-19T05:51:37.3079374Z ##[endgroup]
2026-09-19T05:51:37.3080365Z ##[group]Setting up auth
2026-09-19T05:51:37.3084271Z [command]/usr/bin/git config --local --name-only --get-regexp core\.sshCommand
2026-09-19T05:51:37.3113224Z [command]/usr/bin/git submodule foreach --recursive sh -c "git config --local --name-only --get-regexp 'core\.sshCommand' && git config --local --unset-all 'core.sshCommand' || :"
2026-09-19T05:51:37.3412121Z [command]/usr/bin/git config --local --name-only --get-regexp http\.https\:\/\/github\.com\/\.extraheader
2026-09-19T05:51:37.3446255Z [command]/usr/bin/git submodule foreach --recursive sh -c "git config --local --name-only --get-regexp 'http\.https\:\/\/github\.com\/\.extraheader' && git config --local --unset-all 'http.https://github.com/.extraheader' || :"
2026-09-19T05:51:37.3655067Z [command]/usr/bin/git config --local --name-only --get-regexp ^includeIf\.gitdir:
2026-09-19T05:51:37.3692071Z [command]/usr/bin/git submodule foreach --recursive git config --local --show-origin --name-only --get-regexp remote.origin.url
2026-09-19T05:51:37.3903753Z [command]/usr/bin/git config --local http.https://github.com/.extraheader AUTHORIZATION: basic ***
2026-09-19T05:51:37.3940148Z ##[endgroup]
2026-09-19T05:51:37.3940843Z ##[group]Fetching the repository
2026-09-19T05:51:37.3951114Z [command]/usr/bin/git -c protocol.version=2 fetch --no-tags --prune --no-recurse-submodules --depth=1 origin +09395c6b3410f7be88f5d90ddcdd365929951ffb:refs/remotes/pull/73/merge
2026-09-19T05:51:39.2403859Z From https://github.com/MasafumiYamaguchi/Testbed
2026-09-19T05:51:39.2406051Z  * [new ref]         09395c6b3410f7be88f5d90ddcdd365929951ffb -> pull/73/merge
2026-09-19T05:51:39.2410387Z ##[endgroup]
2026-09-19T05:51:39.2411868Z ##[group]Determining the checkout info
2026-09-19T05:51:39.2413543Z ##[endgroup]
2026-09-19T05:51:39.2414721Z [command]/usr/bin/git sparse-checkout disable
2026-09-19T05:51:39.2457971Z [command]/usr/bin/git config --local --unset-all extensions.worktreeConfig
2026-09-19T05:51:39.2518900Z ##[group]Checking out the ref
2026-09-19T05:51:39.2521006Z [command]/usr/bin/git checkout --progress --force refs/remotes/pull/73/merge
2026-09-19T05:51:39.2950959Z Note: switching to 'refs/remotes/pull/73/merge'.
2026-09-19T05:51:39.2951666Z 
2026-09-19T05:51:39.2952247Z You are in 'detached HEAD' state. You can look around, make experimental
2026-09-19T05:51:39.2953647Z changes and commit them, and you can discard any commits you make in this
2026-09-19T05:51:39.2955032Z state without impacting any branches by switching back to a branch.
2026-09-19T05:51:39.2956145Z 
2026-09-19T05:51:39.2956764Z If you want to create a new branch to retain commits you create, you may
2026-09-19T05:51:39.2958231Z do so (now or later) by using -c with the switch command. Example:
2026-09-19T05:51:39.2958931Z 
2026-09-19T05:51:39.2959245Z   git switch -c <new-branch-name>
2026-09-19T05:51:39.2959728Z 
2026-09-19T05:51:39.2960095Z Or undo this operation with:
2026-09-19T05:51:39.2960671Z 
2026-09-19T05:51:39.2961063Z   git switch -
2026-09-19T05:51:39.2961561Z 
2026-09-19T05:51:39.2962328Z Turn off this advice by setting config variable advice.detachedHead to false
2026-09-19T05:51:39.2963347Z 
2026-09-19T05:51:39.2964513Z HEAD is now at 09395c6 Merge cabbbb5f4e004fc1dfbe84717f90f29db74cdda7 into 84a85bfe1d402047aed30bfb096ab49448ecddf9
2026-09-19T05:51:39.2968827Z ##[endgroup]
2026-09-19T05:51:39.3005268Z [command]/usr/bin/git log -1 --format=%H
2026-09-19T05:51:39.3028446Z 09395c6b3410f7be88f5d90ddcdd365929951ffb
2026-09-19T05:51:39.3259167Z ##[group]Run cmake --preset cpu-release
2026-09-19T05:51:39.3260358Z [36;1mcmake --preset cpu-release[0m
2026-09-19T05:51:39.3298790Z shell: /usr/bin/bash -e {0}
2026-09-19T05:51:39.3299810Z ##[endgroup]
2026-09-19T05:51:40.1266837Z Preset CMake variables:
2026-09-19T05:51:40.1267486Z 
2026-09-19T05:51:40.1267733Z   BUILD_TESTING="ON"
2026-09-19T05:51:40.1268045Z   CMAKE_BUILD_TYPE="Release"
2026-09-19T05:51:40.1268379Z   WHITE_BUILD_APP="OFF"
2026-09-19T05:51:40.1268565Z 
2026-09-19T05:51:40.1268721Z -- The C compiler identification is GNU 13.3.0
2026-09-19T05:51:41.0319052Z -- The CXX compiler identification is GNU 13.3.0
2026-09-19T05:51:41.1396884Z -- Detecting C compiler ABI info
2026-09-19T05:51:41.3123080Z -- Detecting C compiler ABI info - done
2026-09-19T05:51:41.3247842Z -- Check for working C compiler: /usr/bin/cc - skipped
2026-09-19T05:51:41.3298073Z -- Detecting C compile features
2026-09-19T05:51:41.3302868Z -- Detecting C compile features - done
2026-09-19T05:51:41.3602632Z -- Detecting CXX compiler ABI info
2026-09-19T05:51:41.4521636Z -- Detecting CXX compiler ABI info - done
2026-09-19T05:51:41.4648410Z -- Check for working CXX compiler: /usr/bin/c++ - skipped
2026-09-19T05:51:41.4651198Z -- Detecting CXX compile features
2026-09-19T05:51:41.4656925Z -- Detecting CXX compile features - done
2026-09-19T05:51:55.7609215Z -- Using the multi-header code from /home/runner/work/Testbed/Testbed/build/cpu-release/_deps/nlohmann_json-src/include/
2026-09-19T05:51:59.9215578Z -- Configuring done (20.2s)
2026-09-19T05:51:59.9500302Z -- Generating done (0.0s)
2026-09-19T05:51:59.9503800Z -- Build files have been written to: /home/runner/work/Testbed/Testbed/build/cpu-release
2026-09-19T05:51:59.9597275Z ##[group]Run cmake --build --preset cpu-release --parallel 2
2026-09-19T05:51:59.9597704Z [36;1mcmake --build --preset cpu-release --parallel 2[0m
2026-09-19T05:51:59.9629779Z shell: /usr/bin/bash -e {0}
2026-09-19T05:51:59.9629996Z ##[endgroup]
2026-09-19T05:52:01.6853053Z [1/79] Building C object CMakeFiles/white_exr.dir/_deps/tinyexr-src/deps/miniz/miniz.c.o
2026-09-19T05:52:01.6854686Z /home/runner/work/Testbed/Testbed/build/cpu-release/_deps/tinyexr-src/deps/miniz/miniz.c:3204:9: note: ‘#pragma message: Using fopen, ftello, fseeko, stat() etc. path for file I/O - this path may not support large files.’
2026-09-19T05:52:01.6856131Z  3204 | #pragma message("Using fopen, ftello, fseeko, stat() etc. path for file I/O - this path may not support large files.")
2026-09-19T05:52:01.6856727Z       |         ^~~~~~~
2026-09-19T05:52:01.9371737Z [2/79] Building CXX object CMakeFiles/white_core.dir/src/core/build_info.cpp.o
2026-09-19T05:52:03.2910803Z [3/79] Building CXX object CMakeFiles/white_core.dir/src/core/document.cpp.o
2026-09-19T05:52:05.3877927Z [4/79] Building CXX object CMakeFiles/white_exr.dir/src/core/exr_codec.cpp.o
2026-09-19T05:52:05.9921065Z [5/79] Linking CXX static library libwhite_exr.a
2026-09-19T05:52:07.0555418Z [6/79] Building CXX object CMakeFiles/white_core.dir/src/core/density.cpp.o
2026-09-19T05:52:08.9670756Z [7/79] Building CXX object CMakeFiles/white_core.dir/src/core/persistence.cpp.o
2026-09-19T05:52:09.3497585Z [8/79] Building CXX object CMakeFiles/white_core.dir/src/core/field_graph.cpp.o
2026-09-19T05:52:09.9118498Z [9/79] Building CXX object CMakeFiles/white_core.dir/src/core/optics.cpp.o
2026-09-19T05:52:10.2619316Z [10/79] Building CXX object CMakeFiles/white_core.dir/src/core/editor_geometry.cpp.o
2026-09-19T05:52:10.6299835Z [11/79] Building CXX object CMakeFiles/white_core.dir/src/core/noise.cpp.o
2026-09-19T05:52:10.9866086Z [12/79] Building CXX object CMakeFiles/white_core.dir/src/core/dense_cache.cpp.o
2026-09-19T05:52:11.5959707Z [13/79] Building CXX object CMakeFiles/white_core.dir/src/core/revision_queue.cpp.o
2026-09-19T05:52:11.9219957Z [14/79] Building CXX object CMakeFiles/white_core.dir/src/core/benchmark.cpp.o
2026-09-19T05:52:12.3133332Z [15/79] Building CXX object CMakeFiles/white_core.dir/src/core/phase.cpp.o
2026-09-19T05:52:12.9512453Z [16/79] Building CXX object CMakeFiles/white_core.dir/src/core/sun_cache.cpp.o
2026-09-19T05:52:13.8718155Z [17/79] Building CXX object CMakeFiles/white_core.dir/src/core/majorant.cpp.o
2026-09-19T05:52:14.6444004Z [18/79] Building CXX object CMakeFiles/white_core.dir/src/core/progressive.cpp.o
2026-09-19T05:52:14.8195767Z [19/79] Building CXX object CMakeFiles/white_core.dir/src/core/diagnostics.cpp.o
2026-09-19T05:52:15.8339943Z [20/79] Building CXX object CMakeFiles/white_core.dir/src/core/delta_tracking.cpp.o
2026-09-19T05:52:16.0732812Z [21/79] Building CXX object CMakeFiles/white_core.dir/src/core/hdr_export.cpp.o
2026-09-19T05:52:16.5626563Z [22/79] Building CXX object CMakeFiles/white_core.dir/src/core/ratio_tracking.cpp.o
2026-09-19T05:52:16.7381875Z [23/79] Building CXX object CMakeFiles/white_core.dir/src/core/preview_approx.cpp.o
2026-09-19T05:52:16.8243410Z [24/79] Linking CXX static library libwhite_core.a
2026-09-19T05:52:17.5319404Z [25/79] Building CXX object CMakeFiles/white_reference_core.dir/src/reference/integrator.cpp.o
2026-09-19T05:52:18.5987743Z [26/79] Building CXX object CMakeFiles/white_reference.dir/src/reference/main.cpp.o
2026-09-19T05:52:20.2394718Z [27/79] Building CXX object CMakeFiles/white_reference_core.dir/src/reference/report.cpp.o
2026-09-19T05:52:20.3120303Z [28/79] Linking CXX static library libwhite_reference_core.a
2026-09-19T05:52:20.4657423Z [29/79] Building CXX object CMakeFiles/white_field_graph_tests.dir/tests/field_graph_tests.cpp.o
2026-09-19T05:52:21.5441578Z [30/79] Building CXX object CMakeFiles/white_delta_tracking_tests.dir/tests/delta_tracking_tests.cpp.o
2026-09-19T05:52:21.7061324Z [31/79] Building CXX object CMakeFiles/white_ratio_tracking_tests.dir/tests/ratio_tracking_tests.cpp.o
2026-09-19T05:52:22.4064067Z [32/79] Building CXX object CMakeFiles/white_preview_approx_tests.dir/tests/preview_approx_tests.cpp.o
2026-09-19T05:52:22.7182114Z [33/79] Building CXX object CMakeFiles/white_reference_tests.dir/tests/reference_tests.cpp.o
2026-09-19T05:52:23.3500027Z [34/79] Building CXX object CMakeFiles/white_preview_reference_tests.dir/tests/preview_reference_tests.cpp.o
2026-09-19T05:52:23.5258165Z [35/79] Building CXX object CMakeFiles/white_diagnostic_check.dir/tests/diagnostic_check.cpp.o
2026-09-19T05:52:24.1398229Z [36/79] Building CXX object CMakeFiles/white_progressive_tests.dir/tests/progressive_tests.cpp.o
2026-09-19T05:52:24.3845522Z [37/79] Building CXX object CMakeFiles/white_majorant_tests.dir/tests/majorant_tests.cpp.o
2026-09-19T05:52:24.9611928Z [38/79] Building CXX object CMakeFiles/white_hdr_compare.dir/tests/hdr_compare.cpp.o
2026-09-19T05:52:25.2858195Z [39/79] Building CXX object CMakeFiles/white_sun_cache_tests.dir/tests/sun_cache_tests.cpp.o
2026-09-19T05:52:25.5146204Z [40/79] Building CXX object CMakeFiles/white_core_tests.dir/tests/core_tests.cpp.o
2026-09-19T05:52:25.9782191Z [41/79] Building CXX object CMakeFiles/white_hdr_tests.dir/tests/hdr_tests.cpp.o
2026-09-19T05:52:26.4409693Z [42/79] Building CXX object CMakeFiles/white_document_tests.dir/tests/document_tests.cpp.o
2026-09-19T05:52:27.1106554Z [43/79] Building CXX object CMakeFiles/white_persistence_tests.dir/tests/persistence_tests.cpp.o
2026-09-19T05:52:27.2545482Z [44/79] Building CXX object CMakeFiles/white_density_tests.dir/tests/density_tests.cpp.o
2026-09-19T05:52:27.7841683Z [45/79] Building CXX object CMakeFiles/white_optics_tests.dir/tests/optics_tests.cpp.o
2026-09-19T05:52:27.9566473Z [46/79] Building CXX object CMakeFiles/white_editor_geometry_tests.dir/tests/editor_geometry_tests.cpp.o
2026-09-19T05:52:28.6547319Z [47/79] Building CXX object CMakeFiles/white_dense_cache_tests.dir/tests/dense_cache_tests.cpp.o
2026-09-19T05:52:28.7435582Z [48/79] Building CXX object CMakeFiles/white_noise_tests.dir/tests/noise_tests.cpp.o
2026-09-19T05:52:29.3969901Z [49/79] Building CXX object CMakeFiles/white_revision_queue_tests.dir/tests/revision_queue_tests.cpp.o
2026-09-19T05:52:29.6220481Z [50/79] Building CXX object CMakeFiles/white_phase_tests.dir/tests/phase_tests.cpp.o
2026-09-19T05:52:30.1052000Z [51/79] Building CXX object CMakeFiles/white_optical_contract_tests.dir/tests/optical_contract_tests.cpp.o
2026-09-19T05:52:30.4895251Z [52/79] Building CXX object CMakeFiles/white_benchmark_tests.dir/tests/benchmark_tests.cpp.o
2026-09-19T05:52:30.5430495Z [53/79] Linking CXX executable white_reference
2026-09-19T05:52:30.5886120Z [54/79] Linking CXX executable white_field_graph_tests
2026-09-19T05:52:30.6318912Z [55/79] Linking CXX executable white_delta_tracking_tests
2026-09-19T05:52:30.6738042Z [56/79] Linking CXX executable white_ratio_tracking_tests
2026-09-19T05:52:30.7195129Z [57/79] Linking CXX executable white_reference_tests
2026-09-19T05:52:30.7601436Z [58/79] Linking CXX executable white_preview_approx_tests
2026-09-19T05:52:30.8029230Z [59/79] Linking CXX executable white_preview_reference_tests
2026-09-19T05:52:30.8434844Z [60/79] Linking CXX executable white_diagnostic_check
2026-09-19T05:52:30.8739026Z [61/79] Building CXX object CMakeFiles/white_gate_fixture_tests.dir/tests/gate_fixture_tests.cpp.o
2026-09-19T05:52:30.8858791Z [62/79] Linking CXX executable white_progressive_tests
2026-09-19T05:52:30.9184364Z [63/79] Linking CXX executable white_majorant_tests
2026-09-19T05:52:30.9261113Z [64/79] Linking CXX executable white_hdr_compare
2026-09-19T05:52:30.9657457Z [65/79] Linking CXX executable white_sun_cache_tests
2026-09-19T05:52:30.9753567Z [66/79] Linking CXX executable white_hdr_tests
2026-09-19T05:52:31.0044085Z [67/79] Linking CXX executable white_core_tests
2026-09-19T05:52:31.0153330Z [68/79] Linking CXX executable white_document_tests
2026-09-19T05:52:31.0489223Z [69/79] Linking CXX executable white_persistence_tests
2026-09-19T05:52:31.0571119Z [70/79] Linking CXX executable white_density_tests
2026-09-19T05:52:31.0919007Z [71/79] Linking CXX executable white_optics_tests
2026-09-19T05:52:31.0976674Z [72/79] Linking CXX executable white_editor_geometry_tests
2026-09-19T05:52:31.1370401Z [73/79] Linking CXX executable white_noise_tests
2026-09-19T05:52:31.1384138Z [74/79] Linking CXX executable white_dense_cache_tests
2026-09-19T05:52:31.1820631Z [75/79] Linking CXX executable white_revision_queue_tests
2026-09-19T05:52:31.1833390Z [76/79] Linking CXX executable white_phase_tests
2026-09-19T05:52:31.2241877Z [77/79] Linking CXX executable white_optical_contract_tests
2026-09-19T05:52:31.2244633Z [78/79] Linking CXX executable white_benchmark_tests
2026-09-19T05:52:31.2657833Z [79/79] Linking CXX executable white_gate_fixture_tests
2026-09-19T05:52:31.2695828Z ##[group]Run ctest --preset cpu-release
2026-09-19T05:52:31.2696116Z [36;1mctest --preset cpu-release[0m
2026-09-19T05:52:31.2728110Z shell: /usr/bin/bash -e {0}
2026-09-19T05:52:31.2728324Z ##[endgroup]
2026-09-19T05:52:31.6651740Z Test project /home/runner/work/Testbed/Testbed/build/cpu-release
2026-09-19T05:52:31.7088687Z       Start  1: field_graph_contract
2026-09-19T05:52:31.8969953Z  1/22 Test  #1: field_graph_contract .............   Passed    0.18 sec
2026-09-19T05:52:31.9021982Z       Start  2: delta_tracking_contract
2026-09-19T05:52:32.2623645Z  2/22 Test  #2: delta_tracking_contract ..........   Passed    0.36 sec
2026-09-19T05:52:32.2674500Z       Start  3: ratio_tracking_contract
2026-09-19T05:52:32.6854807Z  3/22 Test  #3: ratio_tracking_contract ..........   Passed    0.42 sec
2026-09-19T05:52:32.6856681Z       Start  4: reference_contract
2026-09-19T05:52:33.1926533Z  4/22 Test  #4: reference_contract ...............   Passed    0.51 sec
2026-09-19T05:52:33.1928828Z       Start  5: preview_approx_contract
2026-09-19T05:52:33.1948239Z  5/22 Test  #5: preview_approx_contract ..........   Passed    0.00 sec
2026-09-19T05:52:33.1949960Z       Start  6: progressive_contract
2026-09-19T05:52:33.1964683Z  6/22 Test  #6: progressive_contract .............   Passed    0.00 sec
2026-09-19T05:52:33.1966066Z       Start  7: majorant_contract
2026-09-19T05:52:33.2034825Z  7/22 Test  #7: majorant_contract ................   Passed    0.01 sec
2026-09-19T05:52:33.2036357Z       Start  8: sun_cache_contract
2026-09-19T05:52:33.2055007Z  8/22 Test  #8: sun_cache_contract ...............   Passed    0.00 sec
2026-09-19T05:52:33.2056359Z       Start  9: hdr_export_contract
2026-09-19T05:52:33.2079215Z  9/22 Test  #9: hdr_export_contract ..............   Passed    0.00 sec
2026-09-19T05:52:33.2080503Z       Start 10: core_contract
2026-09-19T05:52:33.2093080Z 10/22 Test #10: core_contract ....................   Passed    0.00 sec
2026-09-19T05:52:33.2094315Z       Start 11: document_contract
2026-09-19T05:52:33.2107219Z 11/22 Test #11: document_contract ................   Passed    0.00 sec
2026-09-19T05:52:33.2109056Z       Start 12: persistence_contract
2026-09-19T05:52:33.2217168Z 12/22 Test #12: persistence_contract .............   Passed    0.01 sec
2026-09-19T05:52:33.2218947Z       Start 13: density_contract
2026-09-19T05:52:33.2323914Z 13/22 Test #13: density_contract .................   Passed    0.01 sec
2026-09-19T05:52:33.2325184Z       Start 14: optics_contract
2026-09-19T05:52:33.2338513Z 14/22 Test #14: optics_contract ..................   Passed    0.00 sec
2026-09-19T05:52:33.2339770Z       Start 15: editor_geometry_contract
2026-09-19T05:52:33.2351956Z 15/22 Test #15: editor_geometry_contract .........   Passed    0.00 sec
2026-09-19T05:52:33.2353186Z       Start 16: noise_contract
2026-09-19T05:52:33.2392762Z 16/22 Test #16: noise_contract ...................   Passed    0.00 sec
2026-09-19T05:52:33.2394042Z       Start 17: dense_cache_contract
2026-09-19T05:52:33.2407128Z 17/22 Test #17: dense_cache_contract .............   Passed    0.00 sec
2026-09-19T05:52:33.2408365Z       Start 18: revision_queue_contract
2026-09-19T05:52:33.2604267Z 18/22 Test #18: revision_queue_contract ..........   Passed    0.02 sec
2026-09-19T05:52:33.2605583Z       Start 19: phase_function_contract
2026-09-19T05:52:33.3413179Z 19/22 Test #19: phase_function_contract ..........   Passed    0.08 sec
2026-09-19T05:52:33.3414911Z       Start 20: optical_integration_contract
2026-09-19T05:52:33.3432617Z 20/22 Test #20: optical_integration_contract .....   Passed    0.00 sec
2026-09-19T05:52:33.3434076Z       Start 21: benchmark_contract
2026-09-19T05:52:33.3452270Z 21/22 Test #21: benchmark_contract ...............   Passed    0.00 sec
2026-09-19T05:52:33.3453427Z       Start 22: gate_fixture_contract
2026-09-19T05:52:33.3482604Z 22/22 Test #22: gate_fixture_contract ............   Passed    0.00 sec
2026-09-19T05:52:33.3485361Z 
2026-09-19T05:52:33.3485778Z 100% tests passed, 0 tests failed out of 22
2026-09-19T05:52:33.3486026Z 
2026-09-19T05:52:33.3486150Z Total Test time (real) =   1.68 sec
2026-09-19T05:52:33.3784342Z ##[group]Run ./scripts/capture-reference.ps1 -Executable ./build/cpu-release/white_reference
2026-09-19T05:52:33.3784877Z [36;1m./scripts/capture-reference.ps1 -Executable ./build/cpu-release/white_reference[0m
2026-09-19T05:52:33.3820979Z shell: /usr/bin/pwsh -command ". '{0}'"
2026-09-19T05:52:33.3821227Z ##[endgroup]
2026-09-19T05:52:38.7515646Z ##[group]Run ./build/cpu-release/white_preview_reference_tests 65536 > evidence/reference/approximation.csv 2> evidence/reference/approximation.log
2026-09-19T05:52:38.7516632Z [36;1m./build/cpu-release/white_preview_reference_tests 65536 > evidence/reference/approximation.csv 2> evidence/reference/approximation.log[0m
2026-09-19T05:52:38.7549258Z shell: /usr/bin/bash -e {0}
2026-09-19T05:52:38.7549481Z ##[endgroup]
2026-09-19T05:52:59.5351868Z ##[group]Run git rev-parse HEAD > evidence/reference/commit.txt
2026-09-19T05:52:59.5352267Z [36;1mgit rev-parse HEAD > evidence/reference/commit.txt[0m
2026-09-19T05:52:59.5352576Z [36;1mcp LICENSE THIRD_PARTY.md evidence/reference/[0m
2026-09-19T05:52:59.5384540Z shell: /usr/bin/bash -e {0}
2026-09-19T05:52:59.5384764Z ##[endgroup]
2026-09-19T05:52:59.5525574Z Node 20 is being deprecated. This workflow is running with Node 24 by default. If you need to temporarily use Node 20, you can set the ACTIONS_ALLOW_USE_UNSECURE_NODE_VERSION=true environment variable. For more information see: https://github.blog/changelog/2025-09-19-deprecation-of-node-20-on-github-actions-runners/
2026-09-19T05:52:59.5527181Z ##[group]Run actions/upload-artifact@v4
2026-09-19T05:52:59.5527411Z with:
2026-09-19T05:52:59.5527591Z   name: cpu-reference-evidence
2026-09-19T05:52:59.5527873Z   path: evidence/reference/
build/cpu-release/Testing/Temporary/

2026-09-19T05:52:59.5528166Z   if-no-files-found: warn
2026-09-19T05:52:59.5528370Z   compression-level: 6
2026-09-19T05:52:59.5528552Z   overwrite: false
2026-09-19T05:52:59.5528735Z   include-hidden-files: false
2026-09-19T05:52:59.5528937Z ##[endgroup]
2026-09-19T05:52:59.6809870Z (node:2641) [DEP0040] DeprecationWarning: The `punycode` module is deprecated. Please use a userland alternative instead.
2026-09-19T05:52:59.6810536Z (Use `node --trace-deprecation ...` to show where the warning was created)
2026-09-19T05:52:59.7053905Z Multiple search paths detected. Calculating the least common ancestor of all paths
2026-09-19T05:52:59.7055911Z The least common ancestor is /home/runner/work/Testbed/Testbed. This will be the root directory of the artifact
2026-09-19T05:52:59.7056737Z With the provided path, there will be 121 files uploaded
2026-09-19T05:52:59.7061355Z Artifact name is valid!
2026-09-19T05:52:59.7061655Z Root directory input is valid!
2026-09-19T05:53:00.0563060Z Beginning upload of artifact content to blob storage
2026-09-19T05:53:00.1496614Z (node:2641) [DEP0169] DeprecationWarning: `url.parse()` behavior is not standardized and prone to errors that have security implications. Use the WHATWG URL API instead. CVEs are not issued for `url.parse()` vulnerabilities.
2026-09-19T05:53:00.5340053Z Uploaded bytes 185835
2026-09-19T05:53:00.5942981Z Finished uploading artifact content to blob storage!
2026-09-19T05:53:00.5943809Z SHA256 digest of uploaded artifact zip is 5d5f6fe0f4520ce930b7cfb765b3c8ae729dcdb35f9d2c175a970357a74f5425
2026-09-19T05:53:00.5944722Z Finalizing artifact upload
2026-09-19T05:53:00.8352653Z Artifact cpu-reference-evidence.zip successfully finalized. Artifact ID 10579088384
2026-09-19T05:53:00.8353598Z Artifact cpu-reference-evidence has been successfully uploaded! Final size is 185835 bytes. Artifact ID is 10579088384
2026-09-19T05:53:00.8358296Z Artifact download URL: https://github.com/MasafumiYamaguchi/Testbed/actions/runs/35425066150/artifacts/10579088384
2026-09-19T05:53:00.8541829Z Node 20 is being deprecated. This workflow is running with Node 24 by default. If you need to temporarily use Node 20, you can set the ACTIONS_ALLOW_USE_UNSECURE_NODE_VERSION=true environment variable. For more information see: https://github.blog/changelog/2025-09-19-deprecation-of-node-20-on-github-actions-runners/
2026-09-19T05:53:00.8542767Z Post job cleanup.
2026-09-19T05:53:00.9269124Z [command]/usr/bin/git version
2026-09-19T05:53:00.9303668Z git version 2.55.0
2026-09-19T05:53:00.9331661Z Temporarily overriding HOME='/home/runner/work/_temp/81b3eba4-9d3f-4bd0-891f-c3acfac6b6b7' before making global git config changes
2026-09-19T05:53:00.9332668Z Adding repository directory to the temporary git global config as a safe directory
2026-09-19T05:53:00.9336339Z [command]/usr/bin/git config --global --add safe.directory /home/runner/work/Testbed/Testbed
2026-09-19T05:53:00.9366063Z [command]/usr/bin/git config --local --name-only --get-regexp core\.sshCommand
2026-09-19T05:53:00.9394616Z [command]/usr/bin/git submodule foreach --recursive sh -c "git config --local --name-only --get-regexp 'core\.sshCommand' && git config --local --unset-all 'core.sshCommand' || :"
2026-09-19T05:53:00.9598517Z [command]/usr/bin/git config --local --name-only --get-regexp http\.https\:\/\/github\.com\/\.extraheader
2026-09-19T05:53:00.9621243Z http.https://github.com/.extraheader
2026-09-19T05:53:00.9631129Z [command]/usr/bin/git config --local --unset-all http.https://github.com/.extraheader
2026-09-19T05:53:00.9663068Z [command]/usr/bin/git submodule foreach --recursive sh -c "git config --local --name-only --get-regexp 'http\.https\:\/\/github\.com\/\.extraheader' && git config --local --unset-all 'http.https://github.com/.extraheader' || :"
2026-09-19T05:53:00.9869384Z [command]/usr/bin/git config --local --name-only --get-regexp ^includeIf\.gitdir:
2026-09-19T05:53:00.9901639Z [command]/usr/bin/git submodule foreach --recursive git config --local --show-origin --name-only --get-regexp remote.origin.url
2026-09-19T05:53:01.0238996Z Cleaning up orphan processes
2026-09-19T05:53:01.0459770Z ##[warning]Node.js 20 is deprecated. The following actions target Node.js 20 but are being forced to run on Node.js 24: actions/checkout@v4, actions/upload-artifact@v4. For more information see: https://github.blog/changelog/2025-09-19-deprecation-of-node-20-on-github-actions-runners/

