backend=direct3d12 SDL=3002028 requested_debug=true format=R32_FLOAT dimensions=17x19x23
GPU ray/box six cases max_abs_error=4.76837e-07
GPU homogeneous optics max_abs_error=5.25884e-06 tolerance=0.001
density_reference max_abs_error=0 tolerance=1e-06 detailed=0
fixture=0 extent=1x1x1 row_bytes=256 max_abs_error=0 interpolation_error=0 PASS
density_reference max_abs_error=0 tolerance=1e-06 detailed=0
fixture=1 extent=1x1x1 row_bytes=256 max_abs_error=0 interpolation_error=0 PASS
density_reference max_abs_error=0 tolerance=1e-06 detailed=0
fixture=0 extent=17x19x23 row_bytes=256 max_abs_error=0 interpolation_error=1.70767e-05 PASS
density_reference max_abs_error=0 tolerance=1e-06 detailed=0
fixture=1 extent=17x19x23 row_bytes=256 max_abs_error=0 interpolation_error=0 PASS
density_reference max_abs_error=0 tolerance=1e-06 detailed=0
fixture=0 extent=32x32x32 row_bytes=256 max_abs_error=0 interpolation_error=7.92742e-06 PASS
density_reference max_abs_error=0 tolerance=1e-06 detailed=0
fixture=1 extent=32x32x32 row_bytes=256 max_abs_error=0 interpolation_error=0 PASS
density_reference max_abs_error=0 tolerance=1e-06 detailed=0
fixture=0 extent=17x19x23 row_bytes=256 max_abs_error=0 interpolation_error=1.70767e-05 PASS
density_reference max_abs_error=0 tolerance=1e-06 detailed=0
fixture=1 extent=17x19x23 row_bytes=256 max_abs_error=0 interpolation_error=0 PASS
density_reference max_abs_error=0 tolerance=1e-06 detailed=0
fixture=0 extent=17x19x23 row_bytes=256 max_abs_error=0 interpolation_error=1.70767e-05 PASS
density_reference max_abs_error=0 tolerance=1e-06 detailed=0
fixture=1 extent=17x19x23 row_bytes=256 max_abs_error=0 interpolation_error=0 PASS
density_reference max_abs_error=0 tolerance=1e-06 detailed=0
fixture=0 extent=17x19x23 row_bytes=256 max_abs_error=0 interpolation_error=1.70767e-05 PASS
density_reference max_abs_error=0 tolerance=1e-06 detailed=0
fixture=1 extent=17x19x23 row_bytes=256 max_abs_error=0 interpolation_error=0 PASS
density_reference max_abs_error=0 tolerance=1e-06 detailed=0
fixture=0 extent=17x19x23 row_bytes=256 max_abs_error=0 interpolation_error=1.70767e-05 PASS
density_reference max_abs_error=0 tolerance=1e-06 detailed=0
fixture=1 extent=17x19x23 row_bytes=256 max_abs_error=0 interpolation_error=0 PASS
density_reference max_abs_error=0 tolerance=1e-06 detailed=0
fixture=0 extent=17x19x23 row_bytes=256 max_abs_error=0 interpolation_error=1.70767e-05 PASS
density_reference max_abs_error=0 tolerance=1e-06 detailed=0
fixture=1 extent=17x19x23 row_bytes=256 max_abs_error=0 interpolation_error=0 PASS
density_reference max_abs_error=0 tolerance=1e-06 detailed=0
fixture=0 extent=17x19x23 row_bytes=256 max_abs_error=0 interpolation_error=1.70767e-05 PASS
density_reference max_abs_error=0 tolerance=1e-06 detailed=0
fixture=1 extent=17x19x23 row_bytes=256 max_abs_error=0 interpolation_error=0 PASS
density_reference max_abs_error=0 tolerance=1e-06 detailed=0
fixture=0 extent=17x19x23 row_bytes=256 max_abs_error=0 interpolation_error=1.70767e-05 PASS
density_reference max_abs_error=0 tolerance=1e-06 detailed=0
fixture=1 extent=17x19x23 row_bytes=256 max_abs_error=0 interpolation_error=0 PASS
density_reference max_abs_error=0 tolerance=1e-06 detailed=0
fixture=0 extent=17x19x23 row_bytes=256 max_abs_error=0 interpolation_error=1.70767e-05 PASS
density_reference max_abs_error=0 tolerance=1e-06 detailed=0
fixture=1 extent=17x19x23 row_bytes=256 max_abs_error=0 interpolation_error=0 PASS
density_reference max_abs_error=4.29153e-06 tolerance=2e-05 detailed=0
fixture=2 extent=65x67x69 row_bytes=512 max_abs_error=4.29153e-06 interpolation_error=0 PASS
density_reference max_abs_error=4.32134e-06 tolerance=2e-05 detailed=0
fixture=2 extent=65x67x69 row_bytes=512 max_abs_error=4.32134e-06 interpolation_error=0 PASS
density_reference max_abs_error=4.52995e-06 tolerance=2e-05 detailed=0
fixture=2 extent=65x67x69 row_bytes=512 max_abs_error=4.52995e-06 interpolation_error=0 PASS
density_reference max_abs_error=4.29153e-06 tolerance=2e-05 detailed=0
fixture=2 extent=65x67x69 row_bytes=512 max_abs_error=4.29153e-06 interpolation_error=0 PASS
density_reference max_abs_error=4.29153e-06 tolerance=2e-05 detailed=0
fixture=2 extent=65x67x69 row_bytes=512 max_abs_error=4.29153e-06 interpolation_error=0 PASS
density_reference max_abs_error=4.52995e-06 tolerance=2e-05 detailed=0
fixture=2 extent=65x67x69 row_bytes=512 max_abs_error=4.52995e-06 interpolation_error=0 PASS
capture=client.bmp frame=60
HDR verified 160x138 view_steps=64 shadow_steps=8 max_channel=1 min_T=0.347536 CPU_T_max_error=2.09349e-06
HDR verified 160x138 view_steps=128 shadow_steps=8 max_channel=1 min_T=0.348808 CPU_T_max_error=2.15792e-06
Step convergence 64->128 HDR+T max_abs_difference=0.00244516 mean_abs_difference=7.32638e-05 (measured, not a proof of convergence)
gizmo_input=translate camera_unchanged=true single_undo=true redo=true PASS
gizmo_input=scale camera_unchanged=true single_undo=true redo=true PASS
editor_smoke_step=0 revision=31 PASS
density_reference max_abs_error=4.52995e-06 tolerance=2e-05 detailed=0
fixture=2 extent=65x67x69 row_bytes=512 max_abs_error=4.52995e-06 interpolation_error=0 PASS
HDR verified 160x138 view_steps=64 shadow_steps=8 max_channel=1 min_T=0.344491 CPU_T_max_error=2.09349e-06
editor_smoke_step=1 revision=32 PASS
density_reference max_abs_error=4.64916e-06 tolerance=2e-05 detailed=0
fixture=2 extent=65x67x69 row_bytes=512 max_abs_error=4.64916e-06 interpolation_error=0 PASS
HDR verified 160x138 view_steps=64 shadow_steps=8 max_channel=1 min_T=0.341817 CPU_T_max_error=2.14159e-06
editor_smoke_step=2 revision=33 PASS
density_reference max_abs_error=4.64916e-06 tolerance=2e-05 detailed=0
fixture=2 extent=65x67x69 row_bytes=512 max_abs_error=4.64916e-06 interpolation_error=0 PASS
HDR verified 160x138 view_steps=64 shadow_steps=8 max_channel=1 min_T=0.341817 CPU_T_max_error=2.14159e-06
editor_smoke_step=3 revision=34 PASS
density_reference max_abs_error=4.64916e-06 tolerance=2e-05 detailed=0
fixture=2 extent=65x67x69 row_bytes=512 max_abs_error=4.64916e-06 interpolation_error=0 PASS
HDR verified 160x138 view_steps=64 shadow_steps=8 max_channel=1 min_T=0.406716 CPU_T_max_error=2.14159e-06
editor_smoke_step=4 revision=36 PASS
density_reference max_abs_error=4.64916e-06 tolerance=2e-05 detailed=0
fixture=2 extent=65x67x69 row_bytes=512 max_abs_error=4.64916e-06 interpolation_error=0 PASS
HDR verified 160x138 view_steps=64 shadow_steps=8 max_channel=1 min_T=0.406716 CPU_T_max_error=2.14159e-06
editor_smoke_step=5 revision=37 PASS
density_reference max_abs_error=4.64916e-06 tolerance=2e-05 detailed=0
fixture=2 extent=65x67x69 row_bytes=512 max_abs_error=4.64916e-06 interpolation_error=0 PASS
HDR verified 160x138 view_steps=64 shadow_steps=8 max_channel=1 min_T=0.459241 CPU_T_max_error=1.41484e-06
editor_smoke_step=6 revision=38 PASS
density_reference max_abs_error=4.64916e-06 tolerance=2e-05 detailed=0
fixture=2 extent=65x67x69 row_bytes=512 max_abs_error=4.64916e-06 interpolation_error=0 PASS
HDR verified 160x138 view_steps=64 shadow_steps=8 max_channel=1 min_T=0.267932 CPU_T_max_error=1.53127e-06
editor_smoke_step=7 revision=39 PASS
density_reference max_abs_error=4.64916e-06 tolerance=2e-05 detailed=0
fixture=2 extent=65x67x69 row_bytes=512 max_abs_error=4.64916e-06 interpolation_error=0 PASS
HDR verified 160x138 view_steps=64 shadow_steps=8 max_channel=1 min_T=0.196919 CPU_T_max_error=1.84645e-06
editor_smoke_step=8 revision=40 PASS
density_reference max_abs_error=4.64916e-06 tolerance=2e-05 detailed=0
fixture=2 extent=65x67x69 row_bytes=512 max_abs_error=4.64916e-06 interpolation_error=0 PASS
HDR verified 160x138 view_steps=64 shadow_steps=8 max_channel=0.710976 min_T=0.650163 CPU_T_max_error=1.49154e-06
editor_smoke_step=9 revision=41 PASS
density_reference max_abs_error=4.64916e-06 tolerance=2e-05 detailed=0
fixture=2 extent=65x67x69 row_bytes=512 max_abs_error=4.64916e-06 interpolation_error=0 PASS
HDR verified 160x138 view_steps=64 shadow_steps=8 max_channel=1 min_T=0.406716 CPU_T_max_error=2.14159e-06
editor_smoke_step=10 revision=42 PASS
density_reference max_abs_error=0 tolerance=2e-05 detailed=0
fixture=2 extent=65x67x69 row_bytes=512 max_abs_error=0 interpolation_error=0 PASS
HDR verified 160x138 view_steps=64 shadow_steps=8 max_channel=1 min_T=1 CPU_T_max_error=0
editor_smoke_step=11 revision=43 PASS
density_reference max_abs_error=4.29153e-06 tolerance=2e-05 detailed=0
fixture=2 extent=65x67x69 row_bytes=512 max_abs_error=4.29153e-06 interpolation_error=0 PASS
HDR verified 96x82 view_steps=32 shadow_steps=4 max_channel=1 min_T=0.540651 CPU_T_max_error=2.70324e-06
editor_smoke_step=12 revision=44 PASS
density_reference max_abs_error=3.42727e-06 tolerance=0.0001 detailed=1
fixture=2 extent=65x67x69 row_bytes=512 max_abs_error=3.42727e-06 interpolation_error=0 PASS
HDR verified 96x82 view_steps=32 shadow_steps=4 max_channel=1 min_T=0.666234 CPU_T_max_error=1.75534e-06
editor_smoke_step=13 revision=45 PASS
density_reference max_abs_error=1.00136e-05 tolerance=0.0001 detailed=1
fixture=2 extent=65x67x69 row_bytes=512 max_abs_error=1.00136e-05 interpolation_error=0 PASS
HDR verified 96x82 view_steps=32 shadow_steps=4 max_channel=1 min_T=0.74259 CPU_T_max_error=4.06408e-06
editor_smoke_step=14 revision=46 PASS
density_reference max_abs_error=1.09971e-05 tolerance=0.0001 detailed=1
fixture=2 extent=65x67x69 row_bytes=512 max_abs_error=1.09971e-05 interpolation_error=0 PASS
HDR verified 96x82 view_steps=32 shadow_steps=4 max_channel=1 min_T=0.734607 CPU_T_max_error=4.42074e-06
editor_smoke_step=15 revision=47 PASS
density_reference max_abs_error=1.33514e-05 tolerance=0.0001 detailed=1
fixture=2 extent=65x67x69 row_bytes=512 max_abs_error=1.33514e-05 interpolation_error=0 PASS
HDR verified 96x82 view_steps=32 shadow_steps=4 max_channel=1 min_T=0.766134 CPU_T_max_error=4.09881e-06
editor_smoke_step=16 revision=48 PASS
density_reference max_abs_error=2.05636e-05 tolerance=0.0001 detailed=1
fixture=2 extent=65x67x69 row_bytes=512 max_abs_error=2.05636e-05 interpolation_error=0 PASS
HDR verified 96x82 view_steps=32 shadow_steps=4 max_channel=1 min_T=0.853456 CPU_T_max_error=4.74505e-06
shutdown=clean lifecycle_test=1
