capture_stage=sdl_initialize_begin elapsed_ms=0.4241
capture_stage=sdl_initialize_complete elapsed_ms=8.7303
capture_stage=gpu_initialize_begin elapsed_ms=9.174
backend=direct3d12 SDL=3002028 requested_debug=true format=R32_FLOAT dimensions=17x19x23
capture_stage=gpu_initialize_complete elapsed_ms=140.633
capture_stage=optics_validation_begin elapsed_ms=140.922
GPU optical_contract case=0 T=1 L=6 T_abs_error=0 L_abs_error=0 L_absolute_tolerance=2e-05 relative_tolerance=2e-5
GPU optical_contract case=1 T=1 L=5e-09 T_abs_error=9.60465e-09 L_abs_error=9.46126e-17 L_absolute_tolerance=1e-14 relative_tolerance=2e-5
GPU optical_contract case=2 T=0.496585 L=0.672666 T_abs_error=5.71405e-09 L_abs_error=2.64492e-08 L_absolute_tolerance=2e-05 relative_tolerance=2e-5
GPU optical_contract case=3 T=0.496585 L=0.487224 T_abs_error=5.71405e-09 L_abs_error=1.18421e-10 L_absolute_tolerance=2e-05 relative_tolerance=2e-5
GPU optical_contract case=4 T=0.367879 L=1.26424 T_abs_error=9.14976e-09 L_abs_error=1.82995e-08 L_absolute_tolerance=2e-05 relative_tolerance=2e-5
GPU optical_contract case=5 T=0.367879 L=1.51709 T_abs_error=5.86897e-07 L_abs_error=1.33703e-06 L_absolute_tolerance=2e-05 relative_tolerance=2e-5
GPU optical_convergence steps=16 T_abs_error=0.000294456
GPU optical_convergence steps=32 T_abs_error=7.37696e-05
GPU optical_convergence steps=64 T_abs_error=1.89631e-05
GPU HG samples=104 cosine_max_error=1.57724e-05 pdf_max_relative_error=0.000123273 RNG_exact=true
GPU ray/box six cases max_abs_error=4.76837e-07
GPU homogeneous optics max_abs_error=9.99995e-06 tolerance=0.001
capture_stage=optics_validation_complete elapsed_ms=155.61
capture_stage=initial_field_begin elapsed_ms=155.969
bake=1 extent=65x67x69 texture_bytes=1201980 peak_requested_gpu_bytes=3568956 cpu_reference_bytes=1201980 record_cpu_ms=0.4537 submit_to_fence_wall_ms=581.234 gpu_timestamp_ms=unavailable
density_reference max_abs_error=4.52995e-06 tolerance=2e-05 detailed=0 profile_scale_error_bound=0 profile_density_tolerance=0 anvil_coverage_error_bound=0 anvil_density_tolerance=0 modifier_density_tolerance=0
fixture=2 extent=65x67x69 row_bytes=512 max_abs_error=4.52995e-06 interpolation_error=0 PASS
capture_stage=initial_field_complete elapsed_ms=781.467
capture_stage=editor_initialize_begin elapsed_ms=781.82
capture_stage=editor_initialize_complete elapsed_ms=798.816
capture_stage=scene_request_begin elapsed_ms=799.058
density_mode=grouped_direct groups=2 top_lobes=0 density_cache=false sun_cache=false majorant_skip=false reason=independent_group_hard_constraints
capture_stage=scene_request_complete elapsed_ms=834.693
density_publish producer_revision=2 consumer_revision=2 matching_density_hash=10153241246463560175 peak_requested_gpu_bytes=73823548
density_job_revision=2 input_hash=7754564275470628056 publish=1 coalesced=0 discarded=0 pending=0 running=0 generation_cpu_elapsed_excluding_fences_ms=1.6994 generation_submit_and_fence_wall_ms=72.2494
capture_stage=first_frame_acquire_begin elapsed_ms=877.891
capture_stage=first_frame_acquire_complete elapsed_ms=879.053
capture_stage=first_frame_record_begin elapsed_ms=879.404
capture_stage=first_frame_record_complete elapsed_ms=881.429
edit_to_present_submission revision=2 ms=166.58 samples=1 p50_ms=166.58 p95_ms=166.58
capture=input.bmp frame=60
HDR verified 192x108 view_steps=80 shadow_steps=8 max_channel=1 min_T=0.347197 CPU_T_max_error=1.67126e-06
density_mode=grouped_direct groups=2 top_lobes=0 density_cache=false sun_cache=false majorant_skip=false reason=independent_group_hard_constraints
edit_to_present_submission revision=9223372036854775809 ms=2.7518 samples=2 p50_ms=2.7518 p95_ms=166.58
density_publish producer_revision=9223372036854775809 consumer_revision=9223372036854775809 matching_density_hash=11319081677628613521 peak_requested_gpu_bytes=77216476
density_job_revision=9223372036854775809 input_hash=11410032472295156326 publish=1 coalesced=0 discarded=0 pending=0 running=0 generation_cpu_elapsed_excluding_fences_ms=1.1592 generation_submit_and_fence_wall_ms=249.427
density_mode=grouped_direct groups=2 top_lobes=0 density_cache=false sun_cache=false majorant_skip=false reason=independent_group_hard_constraints
edit_to_present_submission revision=9223372036854775810 ms=69.2727 samples=3 p50_ms=69.2727 p95_ms=166.58
preset_native=candidate_preview current_document_preserved=true render_revision_distinct=true shared_view=true reset_confirmation=true PASS
preset_native=finishing_reset_guard nonempty_stack_rejected=true current_retained=true undo=true generation_jobs=0 PASS
density_reference max_abs_error=8.16584e-06 tolerance=0.000160768 detailed=1 profile_scale_error_bound=9.89861e-06 profile_density_tolerance=7.42396e-06 anvil_coverage_error_bound=0 anvil_density_tolerance=0 modifier_density_tolerance=0
fixture=2 extent=65x67x69 row_bytes=512 max_abs_error=8.16584e-06 interpolation_error=0 PASS
grouped_direct_points samples=256 max_abs=1.94248e-06 mean_abs=3.11262e-08 tolerance=0.000160768 coordinates=GPU_evaluated combined_cache=false
HDR verified 192x108 view_steps=80 shadow_steps=8 max_channel=1 min_T=0.346334 CPU_T_max_error=1.99197e-06
preset_capture frame=100 scene=candidate document_revision=5 rendered_revision=9223372036854775810 generation_jobs=2 PASS
preset_native=discard_undo current_preserved=true candidate_restored=true PASS
preset_native=confirmed_reset single_undo=true current_restored=true PASS
density_mode=grouped_direct groups=2 top_lobes=0 density_cache=false sun_cache=false majorant_skip=false reason=independent_group_hard_constraints
edit_to_present_submission revision=7 ms=2.8142 samples=4 p50_ms=2.8142 p95_ms=166.58
density_publish producer_revision=7 consumer_revision=7 matching_density_hash=10153241246463560175 peak_requested_gpu_bytes=77216476
density_job_revision=7 input_hash=7754564275470628056 publish=1 coalesced=0 discarded=0 pending=0 running=0 generation_cpu_elapsed_excluding_fences_ms=1.0379 generation_submit_and_fence_wall_ms=237.772
preset_native=current_return document_unchanged=true revision_restored=true PASS
density_reference max_abs_error=1.38283e-05 tolerance=0.000160768 detailed=1 profile_scale_error_bound=9.89861e-06 profile_density_tolerance=7.42396e-06 anvil_coverage_error_bound=0 anvil_density_tolerance=0 modifier_density_tolerance=0
fixture=2 extent=65x67x69 row_bytes=512 max_abs_error=1.38283e-05 interpolation_error=0 PASS
grouped_direct_points samples=256 max_abs=9.74277e-07 mean_abs=2.45521e-08 tolerance=0.000160768 coordinates=GPU_evaluated combined_cache=false
HDR verified 192x108 view_steps=80 shadow_steps=8 max_channel=1 min_T=0.345679 CPU_T_max_error=1.78811e-06
preset_capture frame=125 scene=current document_revision=7 rendered_revision=7 generation_jobs=2 PASS
preset_native=finishing_added layers=3 content_hash_stable=true generation_jobs=0 PASS
density_mode=grouped_direct groups=2 top_lobes=0 density_cache=false sun_cache=false majorant_skip=false reason=independent_group_hard_constraints
edit_to_present_submission revision=9 ms=21.8805 samples=5 p50_ms=21.8805 p95_ms=166.58
density_publish producer_revision=9 consumer_revision=9 matching_density_hash=12145950904356748719 peak_requested_gpu_bytes=77216476
density_job_revision=9 input_hash=9403022980853382168 publish=1 coalesced=0 discarded=0 pending=0 running=0 generation_cpu_elapsed_excluding_fences_ms=1.1103 generation_submit_and_fence_wall_ms=255.554
preset_native=detail_only generation_jobs=0 content_hash_stable=true PASS
preset_native=finishing_detail_retained exact_stack=true generation_jobs=0 PASS
density_mode=grouped_direct groups=2 top_lobes=0 density_cache=false sun_cache=false majorant_skip=false reason=independent_group_hard_constraints
edit_to_present_submission revision=11 ms=93.3366 samples=6 p50_ms=21.8805 p95_ms=166.58
density_publish producer_revision=11 consumer_revision=11 matching_density_hash=2913259530357483230 peak_requested_gpu_bytes=77216476
density_job_revision=11 input_hash=7963569821424325721 publish=1 coalesced=0 discarded=0 pending=0 running=0 generation_cpu_elapsed_excluding_fences_ms=1.1425 generation_submit_and_fence_wall_ms=284.873
density_reference max_abs_error=9.95398e-06 tolerance=0.00074101 detailed=1 profile_scale_error_bound=9.89861e-06 profile_density_tolerance=9.27995e-06 anvil_coverage_error_bound=0 anvil_density_tolerance=0 modifier_density_tolerance=0.00054005
fixture=2 extent=65x67x69 row_bytes=512 max_abs_error=9.95398e-06 interpolation_error=0 PASS
grouped_direct_points samples=256 max_abs=3.57583e-06 mean_abs=4.8947e-08 tolerance=0.00074101 coordinates=GPU_evaluated combined_cache=false
modifier_gpu_probes=36 mask_boundary_and_feather=true hard_interiors_zero=1 modifier_density_tolerance=0.00054005
HDR verified 192x108 view_steps=80 shadow_steps=8 max_channel=1 min_T=0.302149 CPU_T_max_error=2.27083e-06
preset_capture frame=140 scene=detail document_revision=11 rendered_revision=11 generation_jobs=3 PASS
preset_native=stage_after_reset new_reset_intent=false detail_preserved=true layers_preserved=true optics_preserved=true unconfirmed_adoption=true PASS
preset_native=finishing_stage_retained exact_stack=true PASS
density_mode=grouped_direct groups=2 top_lobes=0 density_cache=false sun_cache=false majorant_skip=false reason=independent_group_hard_constraints
edit_to_present_submission revision=12 ms=4.5876 samples=7 p50_ms=21.8805 p95_ms=166.58
preset_native=pending_reset identical_inputs=true older_candidate_adopted=true newer_reset_intent_preserved=true PASS
density_publish producer_revision=12 consumer_revision=12 matching_density_hash=1315689268479768755 peak_requested_gpu_bytes=77216476
density_job_revision=12 input_hash=7669346122935901924 publish=1 coalesced=0 discarded=0 pending=0 running=0 generation_cpu_elapsed_excluding_fences_ms=1.1225 generation_submit_and_fence_wall_ms=202.027
density_mode=grouped_direct groups=2 top_lobes=0 density_cache=false sun_cache=false majorant_skip=false reason=independent_group_hard_constraints
edit_to_present_submission revision=9223372036854775811 ms=2.2896 samples=8 p50_ms=4.5876 p95_ms=166.58
density_publish producer_revision=9223372036854775811 consumer_revision=9223372036854775811 matching_density_hash=10029877714757542108 peak_requested_gpu_bytes=77216476
density_job_revision=9223372036854775811 input_hash=14451052954051433723 publish=1 coalesced=0 discarded=0 pending=0 running=0 generation_cpu_elapsed_excluding_fences_ms=85.7458 generation_submit_and_fence_wall_ms=116.268
preset_native=finishing_scoped_retained exact_stack=true current_preserved=true PASS
density_reference max_abs_error=7.33137e-06 tolerance=0.000645817 detailed=1 profile_scale_error_bound=9.58886e-06 profile_density_tolerance=8.98956e-06 anvil_coverage_error_bound=0 anvil_density_tolerance=0 modifier_density_tolerance=0.000464987
fixture=2 extent=65x67x69 row_bytes=512 max_abs_error=7.33137e-06 interpolation_error=0 PASS
grouped_direct_points samples=256 max_abs=1.10568e-06 mean_abs=2.11682e-08 tolerance=0.000645817 coordinates=GPU_evaluated combined_cache=false
modifier_gpu_probes=36 mask_boundary_and_feather=true hard_interiors_zero=1 modifier_density_tolerance=0.000464987
HDR verified 192x108 view_steps=80 shadow_steps=8 max_channel=1 min_T=0.405247 CPU_T_max_error=1.93328e-06
preset_capture frame=180 scene=scoped document_revision=12 rendered_revision=9223372036854775811 generation_jobs=4 PASS
density_mode=grouped_direct groups=2 top_lobes=0 density_cache=false sun_cache=false majorant_skip=false reason=independent_group_hard_constraints
edit_to_present_submission revision=9223372036854775812 ms=1.8719 samples=9 p50_ms=4.5876 p95_ms=166.58
density_mode=grouped_direct groups=2 top_lobes=0 density_cache=false sun_cache=false majorant_skip=false reason=independent_group_hard_constraints
edit_to_present_submission revision=13 ms=280.075 samples=10 p50_ms=4.5876 p95_ms=280.075
density_publish producer_revision=13 consumer_revision=13 matching_density_hash=1315689268479768755 peak_requested_gpu_bytes=77216476
density_job_revision=13 input_hash=7669346122935901924 publish=1 coalesced=0 discarded=0 pending=0 running=0 generation_cpu_elapsed_excluding_fences_ms=1.1461 generation_submit_and_fence_wall_ms=208.394
preset_native=cancel previous_current_and_candidate_retained=true PASS
preset_native=adopt single_undo=true redo=true total_generation_jobs=5 PASS
preset_native=finishing_adopt_retained exact_stack=true undo_redo=true PASS
density_mode=grouped_direct groups=2 top_lobes=0 density_cache=false sun_cache=false majorant_skip=false reason=independent_group_hard_constraints
edit_to_present_submission revision=16 ms=3.8546 samples=11 p50_ms=4.5876 p95_ms=280.075
density_publish producer_revision=16 consumer_revision=16 matching_density_hash=10029877714757542108 peak_requested_gpu_bytes=77216476
density_job_revision=16 input_hash=14451052954051433723 publish=1 coalesced=0 discarded=0 pending=0 running=0 generation_cpu_elapsed_excluding_fences_ms=63.0014 generation_submit_and_fence_wall_ms=133.136
density_reference max_abs_error=7.33137e-06 tolerance=0.000645817 detailed=1 profile_scale_error_bound=9.58886e-06 profile_density_tolerance=8.98956e-06 anvil_coverage_error_bound=0 anvil_density_tolerance=0 modifier_density_tolerance=0.000464987
fixture=2 extent=65x67x69 row_bytes=512 max_abs_error=7.33137e-06 interpolation_error=0 PASS
grouped_direct_points samples=256 max_abs=1.10568e-06 mean_abs=2.11682e-08 tolerance=0.000645817 coordinates=GPU_evaluated combined_cache=false
modifier_gpu_probes=36 mask_boundary_and_feather=true hard_interiors_zero=1 modifier_density_tolerance=0.000464987
HDR verified 192x108 view_steps=80 shadow_steps=8 max_channel=1 min_T=0.400643 CPU_T_max_error=2.7082e-06
preset_capture frame=235 scene=adopted document_revision=16 rendered_revision=16 generation_jobs=5 PASS
preset_native=clone_candidate current_preserved=true fresh_ids=true generation_jobs=0 PASS
preset_native=clone_finishing_remapped layers=3 fresh_layer_ids=true object_field_targets=true exact_gpu_packet=true PASS
density_mode=grouped_direct groups=2 top_lobes=0 density_cache=false sun_cache=false majorant_skip=false reason=independent_group_hard_constraints
edit_to_present_submission revision=9223372036854775813 ms=2.6505 samples=12 p50_ms=3.8546 p95_ms=280.075
density_publish producer_revision=9223372036854775813 consumer_revision=9223372036854775813 matching_density_hash=11152814048312388734 peak_requested_gpu_bytes=77216476
density_job_revision=9223372036854775813 input_hash=16456656610502260729 publish=1 coalesced=0 discarded=0 pending=0 running=0 generation_cpu_elapsed_excluding_fences_ms=1.114 generation_submit_and_fence_wall_ms=187.468
preset_native=clone_preview render_revision_distinct=true current_preserved=true PASS
density_reference max_abs_error=7.33137e-06 tolerance=0.000645817 detailed=1 profile_scale_error_bound=9.58886e-06 profile_density_tolerance=8.98956e-06 anvil_coverage_error_bound=0 anvil_density_tolerance=0 modifier_density_tolerance=0.000464987
fixture=2 extent=65x67x69 row_bytes=512 max_abs_error=7.33137e-06 interpolation_error=0 PASS
grouped_direct_points samples=256 max_abs=1.10568e-06 mean_abs=2.11682e-08 tolerance=0.000645817 coordinates=GPU_evaluated combined_cache=false
modifier_gpu_probes=36 mask_boundary_and_feather=true hard_interiors_zero=1 modifier_density_tolerance=0.000464987
HDR verified 192x108 view_steps=80 shadow_steps=8 max_channel=1 min_T=0.400643 CPU_T_max_error=2.7082e-06
preset_capture frame=255 scene=clone document_revision=16 rendered_revision=9223372036854775813 generation_jobs=5 PASS
preset_native=clone_adopt fresh_ids=true generation_jobs=0 single_undo=true redo=true PASS
preset_native=clone_finishing_adopt_retained exact_stack=true undo_redo=true PASS
density_mode=grouped_direct groups=2 top_lobes=0 density_cache=false sun_cache=false majorant_skip=false reason=independent_group_hard_constraints
edit_to_present_submission revision=19 ms=2.6657 samples=13 p50_ms=3.8546 p95_ms=280.075
density_validation_reused bake=11
grouped_direct_points samples=256 max_abs=1.10568e-06 mean_abs=2.11682e-08 tolerance=0.000645817 coordinates=GPU_evaluated combined_cache=false
modifier_gpu_probes=36 mask_boundary_and_feather=true hard_interiors_zero=1 modifier_density_tolerance=0.000464987
HDR verified 192x108 view_steps=80 shadow_steps=8 max_channel=1 min_T=0.400643 CPU_T_max_error=2.7082e-06
preset_capture frame=285 scene=clone-adopted document_revision=19 rendered_revision=19 generation_jobs=5 PASS
shutdown=clean lifecycle_test=0
