capture_stage=sdl_initialize_begin elapsed_ms=0.8862
capture_stage=sdl_initialize_complete elapsed_ms=12.612
capture_stage=gpu_initialize_begin elapsed_ms=13.7095
backend=direct3d12 SDL=3002028 requested_debug=true format=R32_FLOAT dimensions=17x19x23
capture_stage=gpu_initialize_complete elapsed_ms=212.351
capture_stage=optics_validation_begin elapsed_ms=213.588
GPU optical_contract case=0 T=1 L=6 T_abs_error=0 L_abs_error=0 L_absolute_tolerance=2e-05 relative_tolerance=2e-5
GPU optical_contract case=1 T=1 L=5e-09 T_abs_error=9.60465e-09 L_abs_error=9.46126e-17 L_absolute_tolerance=1e-14 relative_tolerance=2e-5
GPU optical_contract case=2 T=0.496585 L=0.672666 T_abs_error=5.71405e-09 L_abs_error=2.64492e-08 L_absolute_tolerance=2e-05 relative_tolerance=2e-5
GPU optical_contract case=3 T=0.496585 L=0.487224 T_abs_error=5.71405e-09 L_abs_error=1.18421e-10 L_absolute_tolerance=2e-05 relative_tolerance=2e-5
GPU optical_contract case=4 T=0.367879 L=1.26424 T_abs_error=9.14976e-09 L_abs_error=1.82995e-08 L_absolute_tolerance=2e-05 relative_tolerance=2e-5
GPU optical_contract case=5 T=0.367879 L=1.51709 T_abs_error=5.86897e-07 L_abs_error=1.33703e-06 L_absolute_tolerance=2e-05 relative_tolerance=2e-5
GPU optical_convergence steps=16 T_abs_error=0.000294456
GPU optical_convergence steps=32 T_abs_error=7.37696e-05
GPU optical_convergence steps=64 T_abs_error=1.89631e-05
GPU HG samples=104 cosine_max_error=1.57724e-05 pdf_max_relative_error=0.000123273 RNG_exact=true
GPU ray/box six cases max_abs_error=4.76837e-07
GPU homogeneous optics max_abs_error=9.99995e-06 tolerance=0.001
capture_stage=optics_validation_complete elapsed_ms=246.518
capture_stage=initial_field_begin elapsed_ms=247.298
bake=1 extent=65x67x69 texture_bytes=1201980 peak_requested_gpu_bytes=3568956 cpu_reference_bytes=1201980 record_cpu_ms=0.5129 submit_to_fence_wall_ms=700.533 gpu_timestamp_ms=unavailable
density_reference max_abs_error=4.52995e-06 tolerance=2e-05 detailed=0 profile_scale_error_bound=0 profile_density_tolerance=0 anvil_coverage_error_bound=0 anvil_density_tolerance=0 modifier_density_tolerance=0
fixture=2 extent=65x67x69 row_bytes=512 max_abs_error=4.52995e-06 interpolation_error=0 PASS
capture_stage=initial_field_complete elapsed_ms=1021.32
capture_stage=editor_initialize_begin elapsed_ms=1022.62
capture_stage=editor_initialize_complete elapsed_ms=1089.36
capture_stage=scene_request_begin elapsed_ms=1090.28
density_mode=grouped_direct groups=2 top_lobes=0 density_cache=false sun_cache=false majorant_skip=false reason=independent_group_hard_constraints
capture_stage=scene_request_complete elapsed_ms=1093.33
capture_stage=first_frame_acquire_begin elapsed_ms=1187.34
capture_stage=first_frame_acquire_complete elapsed_ms=1204.02
capture_stage=first_frame_record_begin elapsed_ms=1205.12
capture_stage=first_frame_record_complete elapsed_ms=1228.51
edit_to_present_submission revision=2 ms=263.756 samples=1 p50_ms=263.756 p95_ms=263.756
density_publish producer_revision=2 consumer_revision=2 matching_density_hash=14169964034033060049 peak_requested_gpu_bytes=73823548
density_job_revision=2 input_hash=11458306042869328934 publish=1 coalesced=0 discarded=0 pending=0 running=0 generation_cpu_elapsed_excluding_fences_ms=2.184 generation_submit_and_fence_wall_ms=129.025
modifier_native=add hard_cut=true single_undo=true redo=true PASS
density_mode=grouped_direct groups=2 top_lobes=0 density_cache=false sun_cache=false majorant_skip=false reason=independent_group_hard_constraints
edit_to_present_submission revision=5 ms=69.648 samples=2 p50_ms=69.648 p95_ms=263.756
density_publish producer_revision=5 consumer_revision=5 matching_density_hash=10195154702172169349 peak_requested_gpu_bytes=77043388
density_job_revision=5 input_hash=8726104722945025938 publish=1 coalesced=0 discarded=0 pending=0 running=0 generation_cpu_elapsed_excluding_fences_ms=1.9403 generation_submit_and_fence_wall_ms=671.043
density_reference max_abs_error=6.79493e-06 tolerance=0.000940126 detailed=1 profile_scale_error_bound=9.89861e-06 profile_density_tolerance=7.42396e-06 anvil_coverage_error_bound=0.00037678 anvil_density_tolerance=0.000223666 modifier_density_tolerance=0.000555692
fixture=2 extent=65x67x69 row_bytes=512 max_abs_error=6.79493e-06 interpolation_error=0 PASS
grouped_direct_points samples=256 max_abs=1.09439e-06 mean_abs=1.25858e-08 tolerance=0.000940126 coordinates=GPU_evaluated combined_cache=false
modifier_gpu_probes=12 mask_boundary_and_feather=true hard_interiors_zero=1 modifier_density_tolerance=0.000555692
HDR verified 160x138 view_steps=64 shadow_steps=8 max_channel=1 min_T=0.288271 CPU_T_max_error=2.21663e-06
capture=input.bmp frame=60
HDR verified 160x138 view_steps=64 shadow_steps=8 max_channel=1 min_T=0.288271 CPU_T_max_error=2.21663e-06
modifier_native=detail_and_density hard_cut_final=true layers_retained=true PASS
density_mode=grouped_direct groups=2 top_lobes=0 density_cache=false sun_cache=false majorant_skip=false reason=independent_group_hard_constraints
edit_to_present_submission revision=8 ms=38.8246 samples=3 p50_ms=69.648 p95_ms=263.756
density_publish producer_revision=8 consumer_revision=8 matching_density_hash=17527216158441091163 peak_requested_gpu_bytes=77043388
density_job_revision=8 input_hash=13743957895991822860 publish=1 coalesced=0 discarded=0 pending=0 running=0 generation_cpu_elapsed_excluding_fences_ms=2.0167 generation_submit_and_fence_wall_ms=665.153
density_reference max_abs_error=1.28746e-05 tolerance=0.0174658 detailed=1 profile_scale_error_bound=9.89861e-06 profile_density_tolerance=2.22719e-05 anvil_coverage_error_bound=0.00115632 anvil_density_tolerance=0.00205926 modifier_density_tolerance=0.0149243
fixture=2 extent=65x67x69 row_bytes=512 max_abs_error=1.28746e-05 interpolation_error=0 PASS
grouped_direct_points samples=256 max_abs=6.28688e-07 mean_abs=1.54896e-08 tolerance=0.0174658 coordinates=GPU_evaluated combined_cache=false
modifier_gpu_probes=36 mask_boundary_and_feather=true hard_interiors_zero=1 modifier_density_tolerance=0.0149243
HDR verified 160x138 view_steps=64 shadow_steps=8 max_channel=1 min_T=0.299202 CPU_T_max_error=1.84155e-06
