backend=direct3d12 SDL=3002028 requested_debug=true format=R32_FLOAT dimensions=17x19x23
GPU optical_contract case=0 T=1 L=6 T_abs_error=0 L_abs_error=0 L_absolute_tolerance=2e-05 relative_tolerance=2e-5
GPU optical_contract case=1 T=1 L=5e-09 T_abs_error=9.60465e-09 L_abs_error=9.46126e-17 L_absolute_tolerance=1e-14 relative_tolerance=2e-5
GPU optical_contract case=2 T=0.496585 L=0.672666 T_abs_error=5.71405e-09 L_abs_error=2.64492e-08 L_absolute_tolerance=2e-05 relative_tolerance=2e-5
GPU optical_contract case=3 T=0.496585 L=0.487224 T_abs_error=5.71405e-09 L_abs_error=1.18421e-10 L_absolute_tolerance=2e-05 relative_tolerance=2e-5
GPU optical_contract case=4 T=0.367879 L=1.26424 T_abs_error=9.14976e-09 L_abs_error=1.82995e-08 L_absolute_tolerance=2e-05 relative_tolerance=2e-5
GPU optical_contract case=5 T=0.367879 L=1.51709 T_abs_error=5.86897e-07 L_abs_error=1.33703e-06 L_absolute_tolerance=2e-05 relative_tolerance=2e-5
GPU optical_convergence steps=16 T_abs_error=0.000294456
GPU optical_convergence steps=32 T_abs_error=7.37696e-05
GPU optical_convergence steps=64 T_abs_error=1.89631e-05
GPU HG samples=104 cosine_max_error=1.57724e-05 pdf_max_relative_error=0.000123273 RNG_exact=true
GPU ray/box six cases max_abs_error=4.76837e-07
GPU homogeneous optics max_abs_error=9.99995e-06 tolerance=0.001
bake=1 extent=65x67x69 texture_bytes=1201980 peak_requested_gpu_bytes=3568956 cpu_reference_bytes=1201980 record_cpu_ms=0.4454 submit_to_fence_wall_ms=361.233 gpu_timestamp_ms=unavailable
density_reference max_abs_error=4.52995e-06 tolerance=2e-05 detailed=0 profile_scale_error_bound=0 profile_density_tolerance=0
fixture=2 extent=65x67x69 row_bytes=512 max_abs_error=4.52995e-06 interpolation_error=0 PASS
edit_to_present_submission revision=2 ms=151.921 samples=1 p50_ms=151.921 p95_ms=151.921
density_publish producer_revision=2 consumer_revision=2 matching_density_hash=15274902778563219151 peak_requested_gpu_bytes=73823548
density_job_revision=2 input_hash=4375742968256969400 publish=1 coalesced=0 discarded=0 pending=0 running=0 generation_cpu_elapsed_excluding_fences_ms=1.1537 generation_submit_and_fence_wall_ms=67.485
capture=top-lobes-off.bmp frame=60
HDR verified 160x138 view_steps=64 shadow_steps=8 max_channel=1 min_T=0.320319 CPU_T_max_error=1.8322e-06
top_lobes_mode=parent generated=1 maximum=1.6 source_build_cpu_ms=2.1706 lower_density_exact=true PASS
density_mode=grouped_direct groups=2 top_lobes=1 density_cache=false sun_cache=false majorant_skip=false reason=independent_group_hard_constraints
edit_to_present_submission revision=3 ms=61.8399 samples=2 p50_ms=61.8399 p95_ms=151.921
density_publish producer_revision=3 consumer_revision=3 matching_density_hash=8956896835772455282 peak_requested_gpu_bytes=77043388
density_job_revision=3 input_hash=2825800790957588661 publish=1 coalesced=0 discarded=0 pending=0 running=0 generation_cpu_elapsed_excluding_fences_ms=2.1462 generation_submit_and_fence_wall_ms=386.356
density_reference max_abs_error=5.99027e-06 tolerance=0.000166907 detailed=1 profile_scale_error_bound=9.20892e-06 profile_density_tolerance=6.90669e-06
fixture=2 extent=65x67x69 row_bytes=512 max_abs_error=5.99027e-06 interpolation_error=0 PASS
grouped_direct_points samples=256 max_abs=1.32166e-06 mean_abs=2.36773e-08 tolerance=0.000166907 coordinates=GPU_evaluated combined_cache=false
HDR verified 160x138 view_steps=64 shadow_steps=8 max_channel=1 min_T=0.320421 CPU_T_max_error=1.74643e-06
top_lobes_mode=children generated=3 maximum=1.6 source_build_cpu_ms=1.7966 lower_density_exact=true PASS
density_mode=grouped_direct groups=2 top_lobes=1 density_cache=false sun_cache=false majorant_skip=false reason=independent_group_hard_constraints
edit_to_present_submission revision=4 ms=67.8085 samples=3 p50_ms=67.8085 p95_ms=151.921
density_publish producer_revision=4 consumer_revision=4 matching_density_hash=6636708966104015015 peak_requested_gpu_bytes=77043388
density_job_revision=4 input_hash=15399642236128782736 publish=1 coalesced=0 discarded=0 pending=0 running=0 generation_cpu_elapsed_excluding_fences_ms=1.8643 generation_submit_and_fence_wall_ms=428.531
density_reference max_abs_error=8.22544e-06 tolerance=0.000166907 detailed=1 profile_scale_error_bound=9.20892e-06 profile_density_tolerance=6.90669e-06
fixture=2 extent=65x67x69 row_bytes=512 max_abs_error=8.22544e-06 interpolation_error=0 PASS
grouped_direct_points samples=256 max_abs=9.23377e-07 mean_abs=2.26355e-08 tolerance=0.000166907 coordinates=GPU_evaluated combined_cache=false
HDR verified 160x138 view_steps=64 shadow_steps=8 max_channel=1 min_T=0.320421 CPU_T_max_error=1.74643e-06
top_lobes_detail_seed_topology_preserved=true single_undo=true save_reload=true PASS
density_mode=grouped_direct groups=2 top_lobes=1 density_cache=false sun_cache=false majorant_skip=false reason=independent_group_hard_constraints
edit_to_present_submission revision=7 ms=11.9554 samples=4 p50_ms=61.8399 p95_ms=151.921
density_publish producer_revision=7 consumer_revision=7 matching_density_hash=14984652266195684558 peak_requested_gpu_bytes=77043388
density_job_revision=7 input_hash=15944701659789768265 publish=1 coalesced=0 discarded=0 pending=0 running=0 generation_cpu_elapsed_excluding_fences_ms=1.8709 generation_submit_and_fence_wall_ms=458.521
density_reference max_abs_error=8.37445e-06 tolerance=0.000166907 detailed=1 profile_scale_error_bound=9.20892e-06 profile_density_tolerance=6.90669e-06
fixture=2 extent=65x67x69 row_bytes=512 max_abs_error=8.37445e-06 interpolation_error=0 PASS
grouped_direct_points samples=256 max_abs=1.31622e-06 mean_abs=2.47218e-08 tolerance=0.000166907 coordinates=GPU_evaluated combined_cache=false
HDR verified 160x138 view_steps=64 shadow_steps=8 max_channel=1 min_T=0.312586 CPU_T_max_error=1.52697e-06
shutdown=clean lifecycle_test=0
