backend=direct3d12 SDL=3002028 requested_debug=true format=R32_FLOAT dimensions=17x19x23
GPU optical_contract case=0 T=1 L=6 T_abs_error=0 L_abs_error=0 L_absolute_tolerance=2e-05 relative_tolerance=2e-5
GPU optical_contract case=1 T=1 L=5e-09 T_abs_error=9.60465e-09 L_abs_error=9.46126e-17 L_absolute_tolerance=1e-14 relative_tolerance=2e-5
GPU optical_contract case=2 T=0.496585 L=0.672666 T_abs_error=5.71405e-09 L_abs_error=2.64492e-08 L_absolute_tolerance=2e-05 relative_tolerance=2e-5
GPU optical_contract case=3 T=0.496585 L=0.487224 T_abs_error=5.71405e-09 L_abs_error=1.18421e-10 L_absolute_tolerance=2e-05 relative_tolerance=2e-5
GPU optical_contract case=4 T=0.367879 L=1.26424 T_abs_error=9.14976e-09 L_abs_error=1.82995e-08 L_absolute_tolerance=2e-05 relative_tolerance=2e-5
GPU optical_contract case=5 T=0.367879 L=1.51709 T_abs_error=5.86897e-07 L_abs_error=1.33703e-06 L_absolute_tolerance=2e-05 relative_tolerance=2e-5
GPU optical_convergence steps=16 T_abs_error=0.000294456
GPU optical_convergence steps=32 T_abs_error=7.37696e-05
GPU optical_convergence steps=64 T_abs_error=1.89631e-05
GPU HG samples=104 cosine_max_error=1.57724e-05 pdf_max_relative_error=0.000123273 RNG_exact=true
GPU ray/box six cases max_abs_error=4.76837e-07
GPU homogeneous optics max_abs_error=9.99995e-06 tolerance=0.001
bake=1 extent=65x67x69 texture_bytes=1201980 peak_requested_gpu_bytes=3568956 cpu_reference_bytes=1201980 record_cpu_ms=0.5605 submit_to_fence_wall_ms=358.674 gpu_timestamp_ms=unavailable
density_reference max_abs_error=4.52995e-06 tolerance=2e-05 detailed=0 profile_scale_error_bound=0 profile_density_tolerance=0
fixture=2 extent=65x67x69 row_bytes=512 max_abs_error=4.52995e-06 interpolation_error=0 PASS
density_publish producer_revision=2 consumer_revision=2 matching_density_hash=15274902778563219151 peak_requested_gpu_bytes=73823548
density_job_revision=2 input_hash=4375742968256969400 publish=1 coalesced=0 discarded=0 pending=0 running=0 generation_cpu_elapsed_excluding_fences_ms=1.7417 generation_submit_and_fence_wall_ms=67.5854
density_reference max_abs_error=5.78165e-06 tolerance=0.00016 detailed=1 profile_scale_error_bound=0 profile_density_tolerance=0
fixture=2 extent=65x67x69 row_bytes=512 max_abs_error=5.78165e-06 interpolation_error=0 PASS
dense_sample_comparison samples=256 max_abs=0.112759 mean_abs=0.00307142 raw_base_leak=0.0950884 raw_cut_leak=0 hard_constraints_preserved=1
fixed_recipe=top-lobes-off-side.white.json density_hash=15274902778563219151 internal_width=160 view_steps=64 shadow_steps=8 cache=0 camera_sun=from_saved_recipe
edit_to_present_submission revision=2 ms=2013.22 samples=1 p50_ms=2013.22 p95_ms=2013.22
frame_revision=2 mode=direct record_cpu_ms=2.9142 submit_to_fence_wall_ms=22850.4 gpu_timestamp_ms=unavailable
capture=off-side.bmp frame=60
HDR verified 160x90 view_steps=64 shadow_steps=8 max_channel=1 min_T=0.230708 CPU_T_max_error=2.77915e-06
HDR exported=off-side-hdr
fixed_capture width=160 height=90 revision=2 pending=0
shutdown=clean lifecycle_test=0
