backend=direct3d12 SDL=3002028 requested_debug=true format=R32_FLOAT dimensions=17x19x23
GPU optical_contract case=0 T=1 L=6 T_abs_error=0 L_abs_error=0 L_absolute_tolerance=2e-05 relative_tolerance=2e-5
GPU optical_contract case=1 T=1 L=5e-09 T_abs_error=9.60465e-09 L_abs_error=9.46126e-17 L_absolute_tolerance=1e-14 relative_tolerance=2e-5
GPU optical_contract case=2 T=0.496585 L=0.672666 T_abs_error=5.71405e-09 L_abs_error=2.64492e-08 L_absolute_tolerance=2e-05 relative_tolerance=2e-5
GPU optical_contract case=3 T=0.496585 L=0.487224 T_abs_error=5.71405e-09 L_abs_error=1.18421e-10 L_absolute_tolerance=2e-05 relative_tolerance=2e-5
GPU optical_contract case=4 T=0.367879 L=1.26424 T_abs_error=9.14976e-09 L_abs_error=1.82995e-08 L_absolute_tolerance=2e-05 relative_tolerance=2e-5
GPU optical_contract case=5 T=0.367879 L=1.51709 T_abs_error=5.86897e-07 L_abs_error=1.33703e-06 L_absolute_tolerance=2e-05 relative_tolerance=2e-5
GPU optical_convergence steps=16 T_abs_error=0.000294456
GPU optical_convergence steps=32 T_abs_error=7.37696e-05
GPU optical_convergence steps=64 T_abs_error=1.89631e-05
GPU HG samples=104 cosine_max_error=1.57724e-05 pdf_max_relative_error=0.000123273 RNG_exact=true
GPU ray/box six cases max_abs_error=4.76837e-07
GPU homogeneous optics max_abs_error=9.99995e-06 tolerance=0.001
bake=1 extent=65x67x69 texture_bytes=1201980 peak_requested_gpu_bytes=3568956 cpu_reference_bytes=1201980 record_cpu_ms=0.4299 submit_to_fence_wall_ms=36.4952 gpu_timestamp_ms=unavailable
density_reference max_abs_error=4.52995e-06 tolerance=2e-05 detailed=0
fixture=2 extent=65x67x69 row_bytes=512 max_abs_error=4.52995e-06 interpolation_error=0 PASS
density_publish producer_revision=2 consumer_revision=2 matching_density_hash=16495154979482885505 peak_requested_gpu_bytes=87031808
density_job_revision=2 input_hash=4773059869045599409 publish=1 coalesced=0 discarded=1 pending=0 running=0 generation_cpu_elapsed_excluding_fences_ms=0.3385 generation_submit_and_fence_wall_ms=58.2855
fixed_recipe=scene.white.json density_hash=16495154979482885505 internal_width=160 view_steps=64 shadow_steps=8 cache=128 camera_sun=from_saved_recipe
edit_to_present_submission revision=2 ms=89.435 samples=1 p50_ms=89.435 p95_ms=89.435
frame_revision=2 mode=cache record_cpu_ms=3.8447 submit_to_fence_wall_ms=404.141 gpu_timestamp_ms=unavailable
progressive_sample=1 revision=2 width=160 height=90 accumulation_bytes=460800
frame_revision=2 mode=cache record_cpu_ms=1.2945 submit_to_fence_wall_ms=23.9111 gpu_timestamp_ms=unavailable
progressive_sample=2 revision=2 width=160 height=90 accumulation_bytes=460800
frame_revision=2 mode=cache record_cpu_ms=0.3727 submit_to_fence_wall_ms=23.013 gpu_timestamp_ms=unavailable
progressive_sample=3 revision=2 width=160 height=90 accumulation_bytes=460800
frame_revision=2 mode=cache record_cpu_ms=0.3199 submit_to_fence_wall_ms=22.5369 gpu_timestamp_ms=unavailable
progressive_sample=4 revision=2 width=160 height=90 accumulation_bytes=460800
frame_revision=2 mode=cache record_cpu_ms=0.338 submit_to_fence_wall_ms=22.9241 gpu_timestamp_ms=unavailable
progressive_sample=5 revision=2 width=160 height=90 accumulation_bytes=460800
frame_revision=2 mode=cache record_cpu_ms=0.3145 submit_to_fence_wall_ms=22.2424 gpu_timestamp_ms=unavailable
progressive_sample=6 revision=2 width=160 height=90 accumulation_bytes=460800
frame_revision=2 mode=cache record_cpu_ms=0.3217 submit_to_fence_wall_ms=22.6425 gpu_timestamp_ms=unavailable
progressive_sample=7 revision=2 width=160 height=90 accumulation_bytes=460800
frame_revision=2 mode=cache record_cpu_ms=0.3335 submit_to_fence_wall_ms=22.076 gpu_timestamp_ms=unavailable
progressive_sample=8 revision=2 width=160 height=90 accumulation_bytes=460800
frame_revision=2 mode=cache record_cpu_ms=0.3149 submit_to_fence_wall_ms=22.6674 gpu_timestamp_ms=unavailable
progressive_sample=9 revision=2 width=160 height=90 accumulation_bytes=460800
frame_revision=2 mode=cache record_cpu_ms=0.3369 submit_to_fence_wall_ms=23.1178 gpu_timestamp_ms=unavailable
progressive_sample=10 revision=2 width=160 height=90 accumulation_bytes=460800
frame_revision=2 mode=cache record_cpu_ms=1.5558 submit_to_fence_wall_ms=23.2611 gpu_timestamp_ms=unavailable
progressive_sample=11 revision=2 width=160 height=90 accumulation_bytes=460800
frame_revision=2 mode=cache record_cpu_ms=0.3404 submit_to_fence_wall_ms=22.6686 gpu_timestamp_ms=unavailable
progressive_sample=12 revision=2 width=160 height=90 accumulation_bytes=460800
frame_revision=2 mode=cache record_cpu_ms=0.3331 submit_to_fence_wall_ms=22.5999 gpu_timestamp_ms=unavailable
progressive_sample=13 revision=2 width=160 height=90 accumulation_bytes=460800
frame_revision=2 mode=cache record_cpu_ms=0.325 submit_to_fence_wall_ms=22.6454 gpu_timestamp_ms=unavailable
progressive_sample=14 revision=2 width=160 height=90 accumulation_bytes=460800
frame_revision=2 mode=cache record_cpu_ms=0.3351 submit_to_fence_wall_ms=23.0258 gpu_timestamp_ms=unavailable
progressive_sample=15 revision=2 width=160 height=90 accumulation_bytes=460800
frame_revision=2 mode=cache record_cpu_ms=0.3372 submit_to_fence_wall_ms=22.5844 gpu_timestamp_ms=unavailable
progressive_sample=16 revision=2 width=160 height=90 accumulation_bytes=460800
frame_revision=2 mode=cache record_cpu_ms=0.3279 submit_to_fence_wall_ms=22.6801 gpu_timestamp_ms=unavailable
progressive_sample=17 revision=2 width=160 height=90 accumulation_bytes=460800
frame_revision=2 mode=cache record_cpu_ms=0.3287 submit_to_fence_wall_ms=22.492 gpu_timestamp_ms=unavailable
progressive_sample=18 revision=2 width=160 height=90 accumulation_bytes=460800
frame_revision=2 mode=cache record_cpu_ms=0.3206 submit_to_fence_wall_ms=22.5884 gpu_timestamp_ms=unavailable
progressive_sample=19 revision=2 width=160 height=90 accumulation_bytes=460800
frame_revision=2 mode=cache record_cpu_ms=0.3072 submit_to_fence_wall_ms=22.2153 gpu_timestamp_ms=unavailable
progressive_sample=20 revision=2 width=160 height=90 accumulation_bytes=460800
frame_revision=2 mode=cache record_cpu_ms=0.3064 submit_to_fence_wall_ms=23.1849 gpu_timestamp_ms=unavailable
progressive_sample=21 revision=2 width=160 height=90 accumulation_bytes=460800
frame_revision=2 mode=cache record_cpu_ms=0.329 submit_to_fence_wall_ms=23.3333 gpu_timestamp_ms=unavailable
progressive_sample=22 revision=2 width=160 height=90 accumulation_bytes=460800
frame_revision=2 mode=cache record_cpu_ms=0.3367 submit_to_fence_wall_ms=22.3667 gpu_timestamp_ms=unavailable
progressive_sample=23 revision=2 width=160 height=90 accumulation_bytes=460800
frame_revision=2 mode=cache record_cpu_ms=0.3397 submit_to_fence_wall_ms=22.3086 gpu_timestamp_ms=unavailable
progressive_sample=24 revision=2 width=160 height=90 accumulation_bytes=460800
frame_revision=2 mode=cache record_cpu_ms=0.317 submit_to_fence_wall_ms=23.1499 gpu_timestamp_ms=unavailable
progressive_sample=25 revision=2 width=160 height=90 accumulation_bytes=460800
frame_revision=2 mode=cache record_cpu_ms=0.3503 submit_to_fence_wall_ms=22.7705 gpu_timestamp_ms=unavailable
progressive_sample=26 revision=2 width=160 height=90 accumulation_bytes=460800
frame_revision=2 mode=cache record_cpu_ms=0.3175 submit_to_fence_wall_ms=22.6648 gpu_timestamp_ms=unavailable
progressive_sample=27 revision=2 width=160 height=90 accumulation_bytes=460800
frame_revision=2 mode=cache record_cpu_ms=0.3309 submit_to_fence_wall_ms=21.9396 gpu_timestamp_ms=unavailable
progressive_sample=28 revision=2 width=160 height=90 accumulation_bytes=460800
frame_revision=2 mode=cache record_cpu_ms=0.3252 submit_to_fence_wall_ms=22.9362 gpu_timestamp_ms=unavailable
progressive_sample=29 revision=2 width=160 height=90 accumulation_bytes=460800
frame_revision=2 mode=cache record_cpu_ms=0.3313 submit_to_fence_wall_ms=22.3081 gpu_timestamp_ms=unavailable
progressive_sample=30 revision=2 width=160 height=90 accumulation_bytes=460800
frame_revision=2 mode=cache record_cpu_ms=0.3196 submit_to_fence_wall_ms=22.477 gpu_timestamp_ms=unavailable
progressive_sample=31 revision=2 width=160 height=90 accumulation_bytes=460800
frame_revision=2 mode=cache record_cpu_ms=0.322 submit_to_fence_wall_ms=22.1695 gpu_timestamp_ms=unavailable
progressive_sample=32 revision=2 width=160 height=90 accumulation_bytes=460800
frame_revision=2 mode=cache record_cpu_ms=0.3452 submit_to_fence_wall_ms=22.5443 gpu_timestamp_ms=unavailable
progressive_sample=33 revision=2 width=160 height=90 accumulation_bytes=460800
frame_revision=2 mode=cache record_cpu_ms=0.3313 submit_to_fence_wall_ms=22.2592 gpu_timestamp_ms=unavailable
progressive_sample=34 revision=2 width=160 height=90 accumulation_bytes=460800
frame_revision=2 mode=cache record_cpu_ms=0.3743 submit_to_fence_wall_ms=22.9234 gpu_timestamp_ms=unavailable
progressive_sample=35 revision=2 width=160 height=90 accumulation_bytes=460800
frame_revision=2 mode=cache record_cpu_ms=0.3299 submit_to_fence_wall_ms=22.8553 gpu_timestamp_ms=unavailable
progressive_sample=36 revision=2 width=160 height=90 accumulation_bytes=460800
frame_revision=2 mode=cache record_cpu_ms=0.3283 submit_to_fence_wall_ms=22.1677 gpu_timestamp_ms=unavailable
progressive_sample=37 revision=2 width=160 height=90 accumulation_bytes=460800
frame_revision=2 mode=cache record_cpu_ms=0.3175 submit_to_fence_wall_ms=22.7402 gpu_timestamp_ms=unavailable
progressive_sample=38 revision=2 width=160 height=90 accumulation_bytes=460800
frame_revision=2 mode=cache record_cpu_ms=0.3226 submit_to_fence_wall_ms=22.1963 gpu_timestamp_ms=unavailable
progressive_sample=39 revision=2 width=160 height=90 accumulation_bytes=460800
frame_revision=2 mode=cache record_cpu_ms=0.3096 submit_to_fence_wall_ms=22.6135 gpu_timestamp_ms=unavailable
progressive_sample=40 revision=2 width=160 height=90 accumulation_bytes=460800
frame_revision=2 mode=cache record_cpu_ms=0.3074 submit_to_fence_wall_ms=22.393 gpu_timestamp_ms=unavailable
progressive_sample=41 revision=2 width=160 height=90 accumulation_bytes=460800
frame_revision=2 mode=cache record_cpu_ms=0.3153 submit_to_fence_wall_ms=22.6631 gpu_timestamp_ms=unavailable
progressive_sample=42 revision=2 width=160 height=90 accumulation_bytes=460800
frame_revision=2 mode=cache record_cpu_ms=0.3521 submit_to_fence_wall_ms=23.0791 gpu_timestamp_ms=unavailable
progressive_sample=43 revision=2 width=160 height=90 accumulation_bytes=460800
frame_revision=2 mode=cache record_cpu_ms=0.3283 submit_to_fence_wall_ms=21.9009 gpu_timestamp_ms=unavailable
progressive_sample=44 revision=2 width=160 height=90 accumulation_bytes=460800
frame_revision=2 mode=cache record_cpu_ms=0.3031 submit_to_fence_wall_ms=21.8469 gpu_timestamp_ms=unavailable
progressive_sample=45 revision=2 width=160 height=90 accumulation_bytes=460800
frame_revision=2 mode=cache record_cpu_ms=0.3135 submit_to_fence_wall_ms=22.5758 gpu_timestamp_ms=unavailable
progressive_sample=46 revision=2 width=160 height=90 accumulation_bytes=460800
frame_revision=2 mode=cache record_cpu_ms=0.307 submit_to_fence_wall_ms=21.9338 gpu_timestamp_ms=unavailable
progressive_sample=47 revision=2 width=160 height=90 accumulation_bytes=460800
frame_revision=2 mode=cache record_cpu_ms=0.3134 submit_to_fence_wall_ms=22.3993 gpu_timestamp_ms=unavailable
progressive_sample=48 revision=2 width=160 height=90 accumulation_bytes=460800
frame_revision=2 mode=cache record_cpu_ms=0.314 submit_to_fence_wall_ms=21.9992 gpu_timestamp_ms=unavailable
progressive_sample=49 revision=2 width=160 height=90 accumulation_bytes=460800
frame_revision=2 mode=cache record_cpu_ms=0.3155 submit_to_fence_wall_ms=22.2907 gpu_timestamp_ms=unavailable
progressive_sample=50 revision=2 width=160 height=90 accumulation_bytes=460800
frame_revision=2 mode=cache record_cpu_ms=0.3176 submit_to_fence_wall_ms=22.8759 gpu_timestamp_ms=unavailable
progressive_sample=51 revision=2 width=160 height=90 accumulation_bytes=460800
frame_revision=2 mode=cache record_cpu_ms=0.3224 submit_to_fence_wall_ms=22.489 gpu_timestamp_ms=unavailable
progressive_sample=52 revision=2 width=160 height=90 accumulation_bytes=460800
frame_revision=2 mode=cache record_cpu_ms=0.3117 submit_to_fence_wall_ms=22.7695 gpu_timestamp_ms=unavailable
progressive_sample=53 revision=2 width=160 height=90 accumulation_bytes=460800
frame_revision=2 mode=cache record_cpu_ms=0.3151 submit_to_fence_wall_ms=22.8467 gpu_timestamp_ms=unavailable
progressive_sample=54 revision=2 width=160 height=90 accumulation_bytes=460800
frame_revision=2 mode=cache record_cpu_ms=0.3212 submit_to_fence_wall_ms=22.5883 gpu_timestamp_ms=unavailable
progressive_sample=55 revision=2 width=160 height=90 accumulation_bytes=460800
frame_revision=2 mode=cache record_cpu_ms=0.3234 submit_to_fence_wall_ms=22.7485 gpu_timestamp_ms=unavailable
progressive_sample=56 revision=2 width=160 height=90 accumulation_bytes=460800
frame_revision=2 mode=cache record_cpu_ms=0.3201 submit_to_fence_wall_ms=22.7825 gpu_timestamp_ms=unavailable
progressive_sample=57 revision=2 width=160 height=90 accumulation_bytes=460800
frame_revision=2 mode=cache record_cpu_ms=0.3205 submit_to_fence_wall_ms=22.7477 gpu_timestamp_ms=unavailable
progressive_sample=58 revision=2 width=160 height=90 accumulation_bytes=460800
frame_revision=2 mode=cache record_cpu_ms=0.3322 submit_to_fence_wall_ms=22.7393 gpu_timestamp_ms=unavailable
progressive_sample=59 revision=2 width=160 height=90 accumulation_bytes=460800
frame_revision=2 mode=cache record_cpu_ms=0.3176 submit_to_fence_wall_ms=22.4893 gpu_timestamp_ms=unavailable
progressive_sample=60 revision=2 width=160 height=90 accumulation_bytes=460800
frame_revision=2 mode=cache record_cpu_ms=0.357 submit_to_fence_wall_ms=23.1549 gpu_timestamp_ms=unavailable
progressive_sample=61 revision=2 width=160 height=90 accumulation_bytes=460800
frame_revision=2 mode=cache record_cpu_ms=0.3481 submit_to_fence_wall_ms=22.4619 gpu_timestamp_ms=unavailable
progressive_sample=62 revision=2 width=160 height=90 accumulation_bytes=460800
frame_revision=2 mode=cache record_cpu_ms=0.323 submit_to_fence_wall_ms=22.6367 gpu_timestamp_ms=unavailable
progressive_sample=63 revision=2 width=160 height=90 accumulation_bytes=460800
frame_revision=2 mode=cache record_cpu_ms=0.3298 submit_to_fence_wall_ms=22.3376 gpu_timestamp_ms=unavailable
progressive_sample=64 revision=2 width=160 height=90 accumulation_bytes=460800
frame_revision=2 mode=cache record_cpu_ms=0.3262 submit_to_fence_wall_ms=22.7027 gpu_timestamp_ms=unavailable
capture=64.bmp frame=64
Progressive HDR finite readback samples=64 max_channel=1 CPU_center_ray_validation=not_applicable_to_jittered_average
HDR exported=64-hdr
fixed_capture width=160 height=90 revision=2 pending=0
shutdown=clean lifecycle_test=0
